[ +818 ms] Artifact Instance of 'MaterialFonts' is not required, skipping update.
[   +1 ms] Artifact Instance of 'GradleWrapper' is not required, skipping update.
[        ] Artifact Instance of 'AndroidGenSnapshotArtifacts' is not required, skipping update.
[        ] Artifact Instance of 'AndroidInternalBuildArtifacts' is not required, skipping update.
[        ] Artifact Instance of 'IOSEngineArtifacts' is not required, skipping update.
[        ] Artifact Instance of 'FlutterWebSdk' is not required, skipping update.
[   +1 ms] Artifact Instance of 'LegacyCanvasKitRemover' is not required, skipping update.
[        ] Artifact Instance of 'FlutterSdk' is not required, skipping update.
[        ] Artifact Instance of 'WindowsEngineArtifacts' is not required, skipping update.
[        ] Artifact Instance of 'MacOSEngineArtifacts' is not required, skipping update.
[        ] Artifact Instance of 'LinuxEngineArtifacts' is not required, skipping update.
[        ] Artifact Instance of 'LinuxFuchsiaSDKArtifacts' is not required, skipping update.
[        ] Artifact Instance of 'MacOSFuchsiaSDKArtifacts' is not required, skipping update.
[        ] Artifact Instance of 'FlutterRunnerSDKArtifacts' is not required, skipping update.
[        ] Artifact Instance of 'FlutterRunnerDebugSymbols' is not required, skipping update.
[        ] Artifact Instance of 'IosUsbArtifacts' is not required, skipping update.
[        ] Artifact Instance of 'IosUsbArtifacts' is not required, skipping update.
[        ] Artifact Instance of 'IosUsbArtifacts' is not required, skipping update.
[        ] Artifact Instance of 'IosUsbArtifacts' is not required, skipping update.
[        ] Artifact Instance of 'IosUsbArtifacts' is not required, skipping update.
[        ] Artifact Instance of 'IosUsbArtifacts' is not required, skipping update.
[        ] Artifact Instance of 'FontSubsetArtifacts' is not required, skipping update.
[        ] Artifact Instance of 'PubDependencies' is not required, skipping update.
[   +1 ms] executing: [C:\flutter/] git -c log.showSignature=false log HEAD -n 1 --pretty=format:%ad --date=iso
[  +99 ms] Exit code 0 from: git -c log.showSignature=false log HEAD -n 1 --pretty=format:%ad --date=iso
[        ] 2026-01-26 15:21:03 -0800
[  +19 ms] Artifact Instance of 'AndroidGenSnapshotArtifacts' is not required, skipping update.
[        ] Artifact Instance of 'AndroidInternalBuildArtifacts' is not required, skipping update.
[        ] Artifact Instance of 'IOSEngineArtifacts' is not required, skipping update.
[        ] Artifact Instance of 'FlutterWebSdk' is not required, skipping update.
[        ] Artifact Instance of 'FlutterEngineStamp' is not required, skipping update.
[        ] Artifact Instance of 'LegacyCanvasKitRemover' is not required, skipping update.
[   +2 ms] Artifact Instance of 'WindowsEngineArtifacts' is not required, skipping update.
[        ] Artifact Instance of 'MacOSEngineArtifacts' is not required, skipping update.
[        ] Artifact Instance of 'LinuxEngineArtifacts' is not required, skipping update.
[        ] Artifact Instance of 'LinuxFuchsiaSDKArtifacts' is not required, skipping update.
[        ] Artifact Instance of 'MacOSFuchsiaSDKArtifacts' is not required, skipping update.
[        ] Artifact Instance of 'FlutterRunnerSDKArtifacts' is not required, skipping update.
[        ] Artifact Instance of 'FlutterRunnerDebugSymbols' is not required, skipping update.
[  +70 ms] Artifact Instance of 'MaterialFonts' is not required, skipping update.
[   +2 ms] Artifact Instance of 'GradleWrapper' is not required, skipping update.
[   +5 ms] Artifact Instance of 'AndroidInternalBuildArtifacts' is not required, skipping update.
[        ] Artifact Instance of 'IOSEngineArtifacts' is not required, skipping update.
[        ] Artifact Instance of 'FlutterWebSdk' is not required, skipping update.
[        ] Artifact Instance of 'FlutterEngineStamp' is not required, skipping update.
[        ] Artifact Instance of 'LegacyCanvasKitRemover' is not required, skipping update.
[        ] Artifact Instance of 'FlutterSdk' is not required, skipping update.
[        ] Artifact Instance of 'WindowsEngineArtifacts' is not required, skipping update.
[        ] Artifact Instance of 'MacOSEngineArtifacts' is not required, skipping update.
[        ] Artifact Instance of 'LinuxEngineArtifacts' is not required, skipping update.
[        ] Artifact Instance of 'LinuxFuchsiaSDKArtifacts' is not required, skipping update.
[        ] Artifact Instance of 'MacOSFuchsiaSDKArtifacts' is not required, skipping update.
[        ] Artifact Instance of 'FlutterRunnerSDKArtifacts' is not required, skipping update.
[        ] Artifact Instance of 'FlutterRunnerDebugSymbols' is not required, skipping update.
[        ] Artifact Instance of 'IosUsbArtifacts' is not required, skipping update.
[        ] Artifact Instance of 'IosUsbArtifacts' is not required, skipping update.
[        ] Artifact Instance of 'IosUsbArtifacts' is not required, skipping update.
[        ] Artifact Instance of 'IosUsbArtifacts' is not required, skipping update.
[        ] Artifact Instance of 'IosUsbArtifacts' is not required, skipping update.
[        ] Artifact Instance of 'IosUsbArtifacts' is not required, skipping update.
[        ] Artifact Instance of 'FontSubsetArtifacts' is not required, skipping update.
[        ] Artifact Instance of 'PubDependencies' is not required, skipping update.
[ +125 ms] Skipping pub get: version match.
[ +254 ms] Found plugin shared_preferences at C:\Users\mubar\AppData\Local\Pub\Cache\hosted\pub.dev\shared_preferences-2.5.4\
[   +9 ms] Found plugin shared_preferences_windows at C:\Users\mubar\AppData\Local\Pub\Cache\hosted\pub.dev\shared_preferences_windows-2.4.1\
[  +11 ms] Found plugin path_provider_windows at C:\Users\mubar\AppData\Local\Pub\Cache\hosted\pub.dev\path_provider_windows-2.3.0\
[  +12 ms] Found plugin shared_preferences_web at C:\Users\mubar\AppData\Local\Pub\Cache\hosted\pub.dev\shared_preferences_web-2.4.3\
[   +4 ms] Found plugin shared_preferences_linux at C:\Users\mubar\AppData\Local\Pub\Cache\hosted\pub.dev\shared_preferences_linux-2.4.1\
[   +4 ms] Found plugin path_provider_linux at C:\Users\mubar\AppData\Local\Pub\Cache\hosted\pub.dev\path_provider_linux-2.2.1\
[   +6 ms] Found plugin shared_preferences_foundation at C:\Users\mubar\AppData\Local\Pub\Cache\hosted\pub.dev\shared_preferences_foundation-2.5.6\
[   +5 ms] Found plugin shared_preferences_android at C:\Users\mubar\AppData\Local\Pub\Cache\hosted\pub.dev\shared_preferences_android-2.4.18\
[  +26 ms] Found plugin path_provider at C:\Users\mubar\AppData\Local\Pub\Cache\hosted\pub.dev\path_provider-2.1.5\
[   +4 ms] Found plugin path_provider_foundation at C:\Users\mubar\AppData\Local\Pub\Cache\hosted\pub.dev\path_provider_foundation-2.6.0\
[  +16 ms] Found plugin path_provider_android at C:\Users\mubar\AppData\Local\Pub\Cache\hosted\pub.dev\path_provider_android-2.2.22\
[  +19 ms] Found plugin flutter_secure_storage at C:\Users\mubar\AppData\Local\Pub\Cache\hosted\pub.dev\flutter_secure_storage-9.2.4\
[   +1 ms] Found plugin flutter_secure_storage_windows at C:\Users\mubar\AppData\Local\Pub\Cache\hosted\pub.dev\flutter_secure_storage_windows-3.1.2\
[  +14 ms] Found plugin flutter_secure_storage_web at C:\Users\mubar\AppData\Local\Pub\Cache\hosted\pub.dev\flutter_secure_storage_web-1.2.1\
[   +3 ms] Found plugin flutter_secure_storage_macos at C:\Users\mubar\AppData\Local\Pub\Cache\hosted\pub.dev\flutter_secure_storage_macos-3.1.3\
[   +7 ms] Found plugin flutter_secure_storage_linux at C:\Users\mubar\AppData\Local\Pub\Cache\hosted\pub.dev\flutter_secure_storage_linux-1.2.3\
[ +179 ms] Found plugin shared_preferences at C:\Users\mubar\AppData\Local\Pub\Cache\hosted\pub.dev\shared_preferences-2.5.4\
[   +3 ms] Found plugin shared_preferences_windows at C:\Users\mubar\AppData\Local\Pub\Cache\hosted\pub.dev\shared_preferences_windows-2.4.1\
[   +4 ms] Found plugin path_provider_windows at C:\Users\mubar\AppData\Local\Pub\Cache\hosted\pub.dev\path_provider_windows-2.3.0\
[   +5 ms] Found plugin shared_preferences_web at C:\Users\mubar\AppData\Local\Pub\Cache\hosted\pub.dev\shared_preferences_web-2.4.3\
[   +7 ms] Found plugin shared_preferences_linux at C:\Users\mubar\AppData\Local\Pub\Cache\hosted\pub.dev\shared_preferences_linux-2.4.1\
[   +1 ms] Found plugin path_provider_linux at C:\Users\mubar\AppData\Local\Pub\Cache\hosted\pub.dev\path_provider_linux-2.2.1\
[   +2 ms] Found plugin shared_preferences_foundation at C:\Users\mubar\AppData\Local\Pub\Cache\hosted\pub.dev\shared_preferences_foundation-2.5.6\
[   +1 ms] Found plugin shared_preferences_android at C:\Users\mubar\AppData\Local\Pub\Cache\hosted\pub.dev\shared_preferences_android-2.4.18\
[  +13 ms] Found plugin path_provider at C:\Users\mubar\AppData\Local\Pub\Cache\hosted\pub.dev\path_provider-2.1.5\
[   +2 ms] Found plugin path_provider_foundation at C:\Users\mubar\AppData\Local\Pub\Cache\hosted\pub.dev\path_provider_foundation-2.6.0\
[  +14 ms] Found plugin path_provider_android at C:\Users\mubar\AppData\Local\Pub\Cache\hosted\pub.dev\path_provider_android-2.2.22\
[  +16 ms] Found plugin flutter_secure_storage at C:\Users\mubar\AppData\Local\Pub\Cache\hosted\pub.dev\flutter_secure_storage-9.2.4\
[   +1 ms] Found plugin flutter_secure_storage_windows at C:\Users\mubar\AppData\Local\Pub\Cache\hosted\pub.dev\flutter_secure_storage_windows-3.1.2\
[   +7 ms] Found plugin flutter_secure_storage_web at C:\Users\mubar\AppData\Local\Pub\Cache\hosted\pub.dev\flutter_secure_storage_web-1.2.1\
[   +3 ms] Found plugin flutter_secure_storage_macos at C:\Users\mubar\AppData\Local\Pub\Cache\hosted\pub.dev\flutter_secure_storage_macos-3.1.3\
[   +1 ms] Found plugin flutter_secure_storage_linux at C:\Users\mubar\AppData\Local\Pub\Cache\hosted\pub.dev\flutter_secure_storage_linux-1.2.3\
[  +15 ms] Generating C:\Users\mubar\Desktop\Noura\nfc_wallet\android\app\src\main\java\io\flutter\plugins\GeneratedPluginRegistrant.java
[  +14 ms] Skipping generating GeneratedPluginRegistrant.java because it is up-to-date.
[  +70 ms] executing: C:\Program Files\Android\Android Studio\jbr\bin\java -version
[ +231 ms] Exit code 0 from: C:\Program Files\Android\Android Studio\jbr\bin\java -version
[        ] openjdk version "21.0.8" 2025-07-15
           OpenJDK Runtime Environment (build 21.0.8+-14196175-b1038.72)
           OpenJDK 64-Bit Server VM (build 21.0.8+-14196175-b1038.72, mixed mode)
[  +14 ms] Top-level Gradle build file not found, skipping migration of task "clean".
[   +4 ms] executing: C:\Program Files\Android\Android Studio\jbr\bin\java --version
[ +262 ms] Exit code 0 from: C:\Program Files\Android\Android Studio\jbr\bin\java --version
[        ] openjdk 21.0.8 2025-07-15
           OpenJDK Runtime Environment (build 21.0.8+-14196175-b1038.72)
           OpenJDK 64-Bit Server VM (build 21.0.8+-14196175-b1038.72, mixed mode)
[   +3 ms] Version of Java is different than impacted version, no migration attempted.
[  +28 ms] CMake project not found, skipping support Android 15 16k page size migration.
[   +9 ms] Using gradle from C:\Users\mubar\Desktop\Noura\nfc_wallet\android\gradlew.bat.
[  +27 ms] LocalFile: 'C:\Users\mubar\Desktop\Noura\nfc_wallet\android\build.gradle.kts' doesn't provide an AGP version. Checking settings.
[   +2 ms] LocalFile: 'C:\Users\mubar\Desktop\Noura\nfc_wallet\android\settings.gradle.kts' provides AGP version: 8.11.1
[  +19 ms] Running Gradle task 'assembleDebug'...
[   +4 ms] executing: [C:\Users\mubar\Desktop\Noura\nfc_wallet\android/] C:\Users\mubar\Desktop\Noura\nfc_wallet\android\gradlew.bat --full-stacktrace --info -Pverbose=true -Ptarget-platform=android-arm,android-arm64,android-x64 -Ptarget=lib\main.dart -Pbase-application-name=android.app.Application -Pdart-defines=RkxVVFRFUl9WRVJTSU9OPTMuMzguOA==,RkxVVFRFUl9DSEFOTkVMPXN0YWJsZQ==,RkxVVFRFUl9HSVRfVVJMPWh0dHBzOi8vZ2l0aHViLmNvbS9mbHV0dGVyL2ZsdXR0ZXIuZ2l0,RkxVVFRFUl9GUkFNRVdPUktfUkVWSVNJT049YmQ3YTRhNmI1NQ==,RkxVVFRFUl9FTkdJTkVfUkVWSVNJT049ZGIzNzNlYjg1YQ==,RkxVVFRFUl9EQVJUX1ZFUlNJT049My4xMC43 -Pdart-obfuscation=false -Ptrack-widget-creation=true -Ptree-shake-icons=false assembleDebug
[+1855 ms] Initialized native services in: C:\Users\mubar\.gradle\native
[   +3 ms] Initialized jansi services in: C:\Users\mubar\.gradle\native
[ +854 ms] The client will now receive all logging from the daemon (pid: 70740). The daemon log file: C:\Users\mubar\.gradle\daemon\8.14\daemon-70740.out.log
[   +3 ms] Starting 6th build in daemon [uptime: 2 hrs 9 mins 24.281 secs, performance: 100%, GC rate: 0.00/s, heap usage: 0% of 8 GiB, non-heap usage: 3% of 4 GiB]
[        ] Using 8 worker leases.
[  +88 ms] Now considering [C:\Users\mubar\Desktop\Noura\nfc_wallet\android, C:\flutter\packages\flutter_tools\gradle] as hierarchies to watch
[        ] Watching the file system is configured to be enabled if available
[        ] File system watching is active
[        ] Starting Build
[  +96 ms] Now considering [C:\flutter\packages\flutter_tools\gradle, C:\Users\mubar\Desktop\Noura\nfc_wallet\android] as hierarchies to watch
[ +402 ms] > Configure project :gradle
[        ] Evaluating project ':gradle' using build file 'C:\flutter\packages\flutter_tools\gradle\build.gradle.kts'.
[        ] Resolved plugin [id: 'org.gradle.java-gradle-plugin']
[        ] Resolved plugin [id: 'org.gradle.groovy']
[        ] Resolved plugin [id: 'org.gradle.kotlin.kotlin-dsl', version: '5.2.0']
[        ] Resolved plugin [id: 'org.jetbrains.kotlin.jvm', version: '1.9.20']
[        ] Using Kotlin Gradle Plugin gradle85 variant
[        ] kotlin scripting plugin: created the scripting discovery configuration: kotlinScriptDef
[        ] kotlin scripting plugin: created the scripting discovery configuration: testKotlinScriptDef
[        ] file or directory 'C:\flutter\packages\flutter_tools\gradle\src\main\java', not found
[        ] Resolved plugin [id: 'dev.flutter.flutter-plugin-loader', version: '1.0.0']
[        ] Resolved plugin [id: 'com.android.application', version: '8.11.1', apply: false]
[        ] Resolved plugin [id: 'org.jetbrains.kotlin.android', version: '2.2.20', apply: false]
[        ] Resolve mutations for :gradle:checkKotlinGradlePluginConfigurationErrors (Thread[#690,Execution worker,5,main]) started.
[        ] :gradle:checkKotlinGradlePluginConfigurationErrors (Thread[#690,Execution worker,5,main]) started.
[        ] > Task :gradle:checkKotlinGradlePluginConfigurationErrors SKIPPED
[        ] Skipping task ':gradle:checkKotlinGradlePluginConfigurationErrors' as task onlyIf 'errorDiagnostics are present' is false.
[        ] Resolve mutations for :gradle:compileKotlin (Thread[#690,Execution worker,5,main]) started.
[        ] :gradle:compileKotlin (Thread[#690,Execution worker,5,main]) started.
[ +198 ms] > Task :gradle:compileKotlin UP-TO-DATE
[        ] Caching disabled for task ':gradle:compileKotlin' because:
[        ]   Build cache is disabled
[        ] Skipping task ':gradle:compileKotlin' as it is up-to-date.
[        ] Resolve mutations for :gradle:compileJava (Thread[#690,Execution worker,5,main]) started.
[        ] :gradle:compileJava (Thread[#690,Execution worker,5,main]) started.
[   +1 ms] > Task :gradle:compileJava NO-SOURCE
[        ] Skipping task ':gradle:compileJava' as it has no source files and no previous output files.
[        ] Resolve mutations for :gradle:compileGroovy (Thread[#690,Execution worker,5,main]) started.
[        ] :gradle:compileGroovy (Thread[#690,Execution worker,5,main]) started.
[        ] > Task :gradle:compileGroovy NO-SOURCE
[        ] Skipping task ':gradle:compileGroovy' as it has no source files and no previous output files.
[        ] Resolve mutations for :gradle:pluginDescriptors (Thread[#690,Execution worker,5,main]) started.
[        ] :gradle:pluginDescriptors (Thread[#690,Execution worker,5,main]) started.
[        ] > Task :gradle:pluginDescriptors UP-TO-DATE
[        ] Caching disabled for task ':gradle:pluginDescriptors' because:
[   +1 ms]   Build cache is disabled
[        ]   Not worth caching
[        ] Skipping task ':gradle:pluginDescriptors' as it is up-to-date.
[        ] Resolve mutations for :gradle:processResources (Thread[#690,Execution worker,5,main]) started.
[        ] :gradle:processResources (Thread[#690,Execution worker,5,main]) started.
[  +86 ms] > Task :gradle:processResources UP-TO-DATE
[        ] Caching disabled for task ':gradle:processResources' because:
[   +1 ms]   Build cache is disabled
[   +1 ms]   Not worth caching
[        ] Skipping task ':gradle:processResources' as it is up-to-date.
[        ] Resolve mutations for :gradle:classes (Thread[#690,Execution worker,5,main]) started.
[        ] :gradle:classes (Thread[#690,Execution worker,5,main]) started.
[        ] > Task :gradle:classes UP-TO-DATE
[        ] Skipping task ':gradle:classes' as it has no actions.
[        ] Resolve mutations for :gradle:jar (Thread[#692,Execution worker Thread 3,5,main]) started.
[        ] :gradle:jar (Thread[#692,Execution worker Thread 3,5,main]) started.
[        ] > Task :gradle:jar UP-TO-DATE
[        ] Caching disabled for task ':gradle:jar' because:
[        ]   Build cache is disabled
[        ]   Not worth caching
[        ] Skipping task ':gradle:jar' as it is up-to-date.
[ +397 ms] Settings evaluated using settings file 'C:\Users\mubar\Desktop\Noura\nfc_wallet\android\settings.gradle.kts'.
[        ] Projects loaded. Root project using build file 'C:\Users\mubar\Desktop\Noura\nfc_wallet\android\build.gradle.kts'.
[        ] Included projects: [root project 'android', project ':app', project ':flutter_secure_storage', project ':path_provider_android', project ':shared_preferences_android']
[ +709 ms] > Configure project :app
[        ] Evaluating project ':app' using build file 'C:\Users\mubar\Desktop\Noura\nfc_wallet\android\app\build.gradle.kts'.
[        ] Resolved plugin [id: 'com.android.application']
[        ] Resolved plugin [id: 'kotlin-android']
[        ] Resolved plugin [id: 'dev.flutter.flutter-gradle-plugin']
[        ] Using default execution profile
[        ] Build 8327f283-32ac-4859-aa7f-ac17d294848b is started
[        ] Using Kotlin Gradle Plugin gradle813 variant
[        ] C/C++: android.ndkVersion from module build.gradle is [28.2.13676358]
[        ] C/C++: android.ndkPath from module build.gradle is not set
[        ] C/C++: ndk.dir in local.properties is not set
[        ] C/C++: Not considering ANDROID_NDK_HOME because support was removed after deprecation period.
[        ] C/C++: sdkFolder is C:\Users\mubar\AppData\Local\Android\sdk
[        ] C/C++: android.ndkVersion from module build.gradle is [28.2.13676358]
[        ] C/C++: android.ndkPath from module build.gradle is not set
[        ] C/C++: ndk.dir in local.properties is not set
[  +15 ms] C/C++: Not considering ANDROID_NDK_HOME because support was removed after deprecation period.
[        ] C/C++: sdkFolder is C:\Users\mubar\AppData\Local\Android\sdk
[        ] C/C++: android.ndkVersion from module build.gradle is [28.2.13676358]
[        ] C/C++: android.ndkPath from module build.gradle is not set
[        ] C/C++: ndk.dir in local.properties is not set
[        ] C/C++: Not considering ANDROID_NDK_HOME because support was removed after deprecation period.
[        ] C/C++: sdkFolder is C:\Users\mubar\AppData\Local\Android\sdk
[        ] C/C++: android.ndkVersion from module build.gradle is [28.2.13676358]
[        ] C/C++: android.ndkPath from module build.gradle is not set
[        ] C/C++: ndk.dir in local.properties is not set
[   +5 ms] C/C++: Not considering ANDROID_NDK_HOME because support was removed after deprecation period.
[   +1 ms] C/C++: sdkFolder is C:\Users\mubar\AppData\Local\Android\sdk
[        ] C/C++: android.ndkVersion from module build.gradle is [28.2.13676358]
[        ] C/C++: android.ndkPath from module build.gradle is not set
[        ] C/C++: ndk.dir in local.properties is not set
[        ] C/C++: Not considering ANDROID_NDK_HOME because support was removed after deprecation period.
[   +8 ms] C/C++: sdkFolder is C:\Users\mubar\AppData\Local\Android\sdk
[        ] C/C++: android.ndkVersion from module build.gradle is [28.2.13676358]
[        ] C/C++: android.ndkPath from module build.gradle is not set
[        ] C/C++: ndk.dir in local.properties is not set
[        ] C/C++: Not considering ANDROID_NDK_HOME because support was removed after deprecation period.
[        ] C/C++: sdkFolder is C:\Users\mubar\AppData\Local\Android\sdk
[        ] C/C++: android.ndkVersion from module build.gradle is [28.2.13676358]
[        ] C/C++: android.ndkPath from module build.gradle is not set
[        ] C/C++: ndk.dir in local.properties is not set
[        ] C/C++: Not considering ANDROID_NDK_HOME because support was removed after deprecation period.
[        ] C/C++: sdkFolder is C:\Users\mubar\AppData\Local\Android\sdk
[        ] C/C++: android.ndkVersion from module build.gradle is [28.2.13676358]
[        ] C/C++: android.ndkPath from module build.gradle is not set
[        ] C/C++: ndk.dir in local.properties is not set
[        ] C/C++: Not considering ANDROID_NDK_HOME because support was removed after deprecation period.
[        ] C/C++: sdkFolder is C:\Users\mubar\AppData\Local\Android\sdk
[        ] C/C++: android.ndkVersion from module build.gradle is [28.2.13676358]
[        ] C/C++: android.ndkPath from module build.gradle is not set
[        ] C/C++: ndk.dir in local.properties is not set
[        ] C/C++: Not considering ANDROID_NDK_HOME because support was removed after deprecation period.
[        ] C/C++: sdkFolder is C:\Users\mubar\AppData\Local\Android\sdk
[        ] C/C++: android.ndkVersion from module build.gradle is [28.2.13676358]
[        ] C/C++: android.ndkPath from module build.gradle is not set
[        ] C/C++: ndk.dir in local.properties is not set
[        ] C/C++: Not considering ANDROID_NDK_HOME because support was removed after deprecation period.
[        ] C/C++: sdkFolder is C:\Users\mubar\AppData\Local\Android\sdk
[        ] C/C++: android.ndkVersion from module build.gradle is [28.2.13676358]
[        ] C/C++: android.ndkPath from module build.gradle is not set
[        ] C/C++: ndk.dir in local.properties is not set
[        ] C/C++: Not considering ANDROID_NDK_HOME because support was removed after deprecation period.
[        ] C/C++: sdkFolder is C:\Users\mubar\AppData\Local\Android\sdk
[        ] C/C++: android.ndkVersion from module build.gradle is [28.2.13676358]
[        ] C/C++: android.ndkPath from module build.gradle is not set
[   +6 ms] C/C++: ndk.dir in local.properties is not set
[        ] C/C++: Not considering ANDROID_NDK_HOME because support was removed after deprecation period.
[   +1 ms] C/C++: sdkFolder is C:\Users\mubar\AppData\Local\Android\sdk
[        ] C/C++: android.ndkVersion from module build.gradle is [28.2.13676358]
[        ] C/C++: android.ndkPath from module build.gradle is not set
[        ] C/C++: ndk.dir in local.properties is not set
[        ] C/C++: Not considering ANDROID_NDK_HOME because support was removed after deprecation period.
[        ] C/C++: sdkFolder is C:\Users\mubar\AppData\Local\Android\sdk
[        ] C/C++: android.ndkVersion from module build.gradle is [28.2.13676358]
[        ] C/C++: android.ndkPath from module build.gradle is not set
[        ] C/C++: ndk.dir in local.properties is not set
[        ] C/C++: Not considering ANDROID_NDK_HOME because support was removed after deprecation period.
[        ] C/C++: sdkFolder is C:\Users\mubar\AppData\Local\Android\sdk
[        ] C/C++: android.ndkVersion from module build.gradle is [28.2.13676358]
[        ] C/C++: android.ndkPath from module build.gradle is not set
[        ] C/C++: ndk.dir in local.properties is not set
[        ] C/C++: Not considering ANDROID_NDK_HOME because support was removed after deprecation period.
[        ] C/C++: sdkFolder is C:\Users\mubar\AppData\Local\Android\sdk
[        ] C/C++: android.ndkVersion from module build.gradle is [28.2.13676358]
[        ] C/C++: android.ndkPath from module build.gradle is not set
[        ] C/C++: ndk.dir in local.properties is not set
[        ] C/C++: Not considering ANDROID_NDK_HOME because support was removed after deprecation period.
[        ] C/C++: sdkFolder is C:\Users\mubar\AppData\Local\Android\sdk
[        ] C/C++: android.ndkVersion from module build.gradle is [28.2.13676358]
[        ] C/C++: android.ndkPath from module build.gradle is not set
[        ] C/C++: ndk.dir in local.properties is not set
[        ] C/C++: Not considering ANDROID_NDK_HOME because support was removed after deprecation period.
[        ] C/C++: sdkFolder is C:\Users\mubar\AppData\Local\Android\sdk
[        ] C/C++: android.ndkVersion from module build.gradle is [28.2.13676358]
[        ] C/C++: android.ndkPath from module build.gradle is not set
[        ] C/C++: ndk.dir in local.properties is not set
[   +1 ms] C/C++: Not considering ANDROID_NDK_HOME because support was removed after deprecation period.
[        ] C/C++: sdkFolder is C:\Users\mubar\AppData\Local\Android\sdk
[        ] C/C++: android.ndkVersion from module build.gradle is [28.2.13676358]
[        ] C/C++: android.ndkPath from module build.gradle is not set
[        ] C/C++: ndk.dir in local.properties is not set
[        ] C/C++: Not considering ANDROID_NDK_HOME because support was removed after deprecation period.
[        ] C/C++: sdkFolder is C:\Users\mubar\AppData\Local\Android\sdk
[        ] > Configure project :
[        ] Evaluating root project 'android' using build file 'C:\Users\mubar\Desktop\Noura\nfc_wallet\android\build.gradle.kts'.
[ +230 ms] > Configure project :flutter_secure_storage
[        ] Evaluating project ':flutter_secure_storage' using build file 'C:\Users\mubar\AppData\Local\Pub\Cache\hosted\pub.dev\flutter_secure_storage-9.2.4\android\build.gradle'.
[        ] Using default execution profile
[ +391 ms] > Configure project :path_provider_android
[        ] Evaluating project ':path_provider_android' using build file 'C:\Users\mubar\AppData\Local\Pub\Cache\hosted\pub.dev\path_provider_android-2.2.22\android\build.gradle'.
[        ] Using default execution profile
[ +406 ms] > Configure project :shared_preferences_android
[        ] Evaluating project ':shared_preferences_android' using build file 'C:\Users\mubar\AppData\Local\Pub\Cache\hosted\pub.dev\shared_preferences_android-2.4.18\android\build.gradle'.
[        ] Using default execution profile
[        ] Using Kotlin Gradle Plugin gradle813 variant
[        ] All projects evaluated.
[        ] Task name matched 'assembleDebug'
[        ] Selected primary task 'assembleDebug' from project :
[  +91 ms] Adding -Xuse-inline-scopes-numbers Kotlin compiler flag for task :app:compileDebugKotlin
[ +401 ms] Tasks to be executed: [task ':app:DebugMinSdkCheck', task ':app:preBuild', task ':app:preDebugBuild', task ':app:mergeDebugNativeDebugMetadata', task ':app:checkKotlinGradlePluginConfigurationErrors', task ':app:compileFlutterBuildDebug', task ':app:packJniLibsflutterBuildDebug', task ':flutter_secure_storage:preBuild', task ':flutter_secure_storage:preDebugBuild', task ':flutter_secure_storage:writeDebugAarMetadata', task ':path_provider_android:preBuild', task ':path_provider_android:preDebugBuild', task ':path_provider_android:writeDebugAarMetadata', task ':shared_preferences_android:preBuild', task ':shared_preferences_android:preDebugBuild', task ':shared_preferences_android:writeDebugAarMetadata', task ':app:checkDebugAarMetadata', task ':app:cleanMergeDebugAssets', task ':app:mergeDebugShaders', task ':app:compileDebugShaders', task ':app:generateDebugAssets', task ':flutter_secure_storage:mergeDebugShaders', task ':flutter_secure_storage:compileDebugShaders', task ':flutter_secure_storage:generateDebugAssets', task ':flutter_secure_storage:mergeDebugAssets', task ':path_provider_android:mergeDebugShaders', task ':path_provider_android:compileDebugShaders', task ':path_provider_android:generateDebugAssets', task ':path_provider_android:mergeDebugAssets', task ':shared_preferences_android:mergeDebugShaders', task ':shared_preferences_android:compileDebugShaders', task ':shared_preferences_android:generateDebugAssets', task ':shared_preferences_android:mergeDebugAssets', task ':app:mergeDebugAssets', task ':app:copyFlutterAssetsDebug', task ':app:generateDebugResValues', task ':flutter_secure_storage:generateDebugResValues', task ':flutter_secure_storage:generateDebugResources', task ':flutter_secure_storage:packageDebugResources', task ':path_provider_android:generateDebugResValues', task ':path_provider_android:generateDebugResources', task ':path_provider_android:packageDebugResources', task ':shared_preferences_android:generateDebugResValues', task ':shared_preferences_android:generateDebugResources', task ':shared_preferences_android:packageDebugResources', task ':app:mapDebugSourceSetPaths', task ':app:generateDebugResources', task ':app:mergeDebugResources', task ':app:packageDebugResources', task ':app:parseDebugLocalResources', task ':app:createDebugCompatibleScreenManifests', task ':app:extractDeepLinksDebug', task ':flutter_secure_storage:extractDeepLinksDebug', task ':flutter_secure_storage:processDebugManifest', task ':path_provider_android:extractDeepLinksDebug', task ':path_provider_android:processDebugManifest', task ':shared_preferences_android:extractDeepLinksDebug', task ':shared_preferences_android:processDebugManifest', task ':app:processDebugMainManifest', task ':app:outputDebugAppLinkSettings', task ':app:processDebugManifest', task ':app:processDebugManifestForPackage', task ':flutter_secure_storage:compileDebugLibraryResources', task ':flutter_secure_storage:parseDebugLocalResources', task ':flutter_secure_storage:generateDebugRFile', task ':path_provider_android:compileDebugLibraryResources', task ':path_provider_android:parseDebugLocalResources', task ':path_provider_android:generateDebugRFile', task ':shared_preferences_android:compileDebugLibraryResources', task ':shared_preferences_android:parseDebugLocalResources', task ':shared_preferences_android:generateDebugRFile', task ':app:processDebugResources', task ':flutter_secure_storage:generateDebugBuildConfig', task ':flutter_secure_storage:javaPreCompileDebug', task ':flutter_secure_storage:compileDebugJavaWithJavac', task ':flutter_secure_storage:bundleLibCompileToJarDebug', task ':path_provider_android:javaPreCompileDebug', task ':path_provider_android:compileDebugJavaWithJavac', task ':path_provider_android:bundleLibCompileToJarDebug', task ':shared_preferences_android:checkKotlinGradlePluginConfigurationErrors', task ':shared_preferences_android:compileDebugKotlin', task ':shared_preferences_android:javaPreCompileDebug', task ':shared_preferences_android:compileDebugJavaWithJavac', task ':shared_preferences_android:bundleLibCompileToJarDebug', task ':app:compileDebugKotlin', task ':app:javaPreCompileDebug', task ':app:compileDebugJavaWithJavac', task ':app:compressDebugAssets', task ':flutter_secure_storage:bundleLibRuntimeToJarDebug', task ':path_provider_android:bundleLibRuntimeToJarDebug', task ':shared_preferences_android:bundleLibRuntimeToJarDebug', task ':app:desugarDebugFileDependencies', task ':app:dexBuilderDebug', task ':app:mergeDebugGlobalSynthetics', task ':app:processDebugJavaRes', task ':flutter_secure_storage:processDebugJavaRes', task ':path_provider_android:processDebugJavaRes', task ':shared_preferences_android:processDebugJavaRes', task ':app:mergeDebugJavaResource', task ':app:checkDebugDuplicateClasses', task ':app:mergeExtDexDebug', task ':flutter_secure_storage:bundleLibRuntimeToDirDebug', task ':path_provider_android:bundleLibRuntimeToDirDebug', task ':shared_preferences_android:bundleLibRuntimeToDirDebug', task ':app:mergeLibDexDebug', task ':app:mergeProjectDexDebug', task ':app:configureCMakeDebug[arm64-v8a]', task ':app:buildCMakeDebug[arm64-v8a]', task ':app:configureCMakeDebug[armeabi-v7a]', task ':app:buildCMakeDebug[armeabi-v7a]', task ':app:configureCMakeDebug[x86_64]', task ':app:buildCMakeDebug[x86_64]', task ':app:mergeDebugJniLibFolders', task ':flutter_secure_storage:mergeDebugJniLibFolders', task ':flutter_secure_storage:mergeDebugNativeLibs', task ':flutter_secure_storage:copyDebugJniLibsProjectOnly', task ':path_provider_android:mergeDebugJniLibFolders', task ':path_provider_android:mergeDebugNativeLibs', task ':path_provider_android:copyDebugJniLibsProjectOnly', task ':shared_preferences_android:mergeDebugJniLibFolders', task ':shared_preferences_android:mergeDebugNativeLibs', task ':shared_preferences_android:copyDebugJniLibsProjectOnly', task ':app:mergeDebugNativeLibs', task ':app:stripDebugDebugSymbols', task ':app:validateSigningDebug', task ':app:writeDebugAppMetadata', task ':app:writeDebugSigningConfigVersions', task ':app:packageDebug', task ':app:createDebugApkListingFileRedirect', task ':app:assembleDebug', task ':flutter_secure_storage:stripDebugDebugSymbols', task ':flutter_secure_storage:copyDebugJniLibsProjectAndLocalJars', task ':flutter_secure_storage:extractDebugAnnotations', task ':flutter_secure_storage:extractDeepLinksForAarDebug', task ':flutter_secure_storage:mergeDebugGeneratedProguardFiles', task ':flutter_secure_storage:mergeDebugConsumerProguardFiles', task ':flutter_secure_storage:prepareDebugArtProfile', task ':flutter_secure_storage:prepareLintJarForPublish', task ':flutter_secure_storage:mergeDebugJavaResource', task ':flutter_secure_storage:syncDebugLibJars', task ':flutter_secure_storage:bundleDebugAar', task ':flutter_secure_storage:assembleDebug', task ':path_provider_android:stripDebugDebugSymbols', task ':path_provider_android:copyDebugJniLibsProjectAndLocalJars', task ':path_provider_android:extractDebugAnnotations', task ':path_provider_android:extractDeepLinksForAarDebug', task ':path_provider_android:mergeDebugGeneratedProguardFiles', task ':path_provider_android:mergeDebugConsumerProguardFiles', task ':path_provider_android:prepareDebugArtProfile', task ':path_provider_android:prepareLintJarForPublish', task ':path_provider_android:mergeDebugJavaResource', task ':path_provider_android:syncDebugLibJars', task ':path_provider_android:bundleDebugAar', task ':path_provider_android:assembleDebug', task ':shared_preferences_android:stripDebugDebugSymbols', task ':shared_preferences_android:copyDebugJniLibsProjectAndLocalJars', task ':shared_preferences_android:extractDebugAnnotations', task ':shared_preferences_android:extractDeepLinksForAarDebug', task ':shared_preferences_android:mergeDebugGeneratedProguardFiles', task ':shared_preferences_android:mergeDebugConsumerProguardFiles', task ':shared_preferences_android:prepareDebugArtProfile', task ':shared_preferences_android:prepareLintJarForPublish', task ':shared_preferences_android:mergeDebugJavaResource', task ':shared_preferences_android:syncDebugLibJars', task ':shared_preferences_android:bundleDebugAar', task ':shared_preferences_android:assembleDebug']
[   +1 ms] Tasks that were excluded: []
[        ] work action Parameters of IdentityTransform (Thread[#696,Execution worker Thread 7,5,main]) started.
[        ] work action Parameters of DexingNoClasspathTransform (Thread[#689,included builds,5,main]) started.
[        ] work action Parameters of DexingOutputSplitTransform (Thread[#689,included builds,5,main]) started.
[        ] work action Parameters of ClassesDirToClassesTransform (Thread[#689,included builds,5,main]) started.
[        ] work action Parameters of DexingOutputSplitTransform (Thread[#689,included builds,5,main]) started.
[        ] Resolve mutations for :app:DebugMinSdkCheck (Thread[#689,included builds,5,main]) started.
[        ] :app:DebugMinSdkCheck (Thread[#689,included builds,5,main]) started.
[        ] > Task :app:DebugMinSdkCheck
[        ] Caching disabled for task ':app:DebugMinSdkCheck' because:
[        ]   Build cache is disabled
[        ] Task ':app:DebugMinSdkCheck' is not up-to-date because:
[        ]   Task has not declared any outputs despite executing actions.
[        ] Resolve mutations for :app:preBuild (Thread[#689,included builds,5,main]) started.
[        ] :app:preBuild (Thread[#689,included builds,5,main]) started.
[        ] > Task :app:preBuild UP-TO-DATE
[        ] Skipping task ':app:preBuild' as it has no actions.
[        ] Resolve mutations for :app:preDebugBuild (Thread[#689,included builds,5,main]) started.
[        ] :app:preDebugBuild (Thread[#689,included builds,5,main]) started.
[        ] > Task :app:preDebugBuild UP-TO-DATE
[        ] Skipping task ':app:preDebugBuild' as it has no actions.
[        ] Resolve mutations for :app:mergeDebugNativeDebugMetadata (Thread[#689,included builds,5,main]) started.
[        ] :app:mergeDebugNativeDebugMetadata (Thread[#689,included builds,5,main]) started.
[        ] > Task :app:mergeDebugNativeDebugMetadata NO-SOURCE
[        ] Skipping task ':app:mergeDebugNativeDebugMetadata' as it has no source files and no previous output files.
[        ] Resolve mutations for :app:checkKotlinGradlePluginConfigurationErrors (Thread[#689,included builds,5,main]) started.
[        ] :app:checkKotlinGradlePluginConfigurationErrors (Thread[#689,included builds,5,main]) started.
[        ] > Task :app:checkKotlinGradlePluginConfigurationErrors SKIPPED
[        ] Skipping task ':app:checkKotlinGradlePluginConfigurationErrors' as task onlyIf 'errorDiagnostics are present' is false.
[        ] Resolve mutations for :app:compileFlutterBuildDebug (Thread[#689,included builds,5,main]) started.
[        ] :app:compileFlutterBuildDebug (Thread[#689,included builds,5,main]) started.
[+1989 ms] > Task :app:compileFlutterBuildDebug
[        ] Caching disabled for task ':app:compileFlutterBuildDebug' because:
[        ]   Build cache is disabled
[        ]   Caching has not been enabled for the task
[        ] Task ':app:compileFlutterBuildDebug' is not up-to-date because:
[        ]   Task has failed previously.
[        ] Starting process 'command 'C:\flutter\bin\flutter.bat''. Working directory: C:\Users\mubar\Desktop\Noura\nfc_wallet Command: C:\flutter\bin\flutter.bat --verbose assemble --no-version-check --depfile C:\Users\mubar\Desktop\Noura\nfc_wallet\build\app\intermediates\flutter\debug/flutter_build.d --output C:\Users\mubar\Desktop\Noura\nfc_wallet\build\app\intermediates\flutter\debug -dTargetFile=lib\main.dart -dTargetPlatform=android -dBuildMode=debug -dTrackWidgetCreation=true --DartDefines=RkxVVFRFUl9WRVJTSU9OPTMuMzguOA==,RkxVVFRFUl9DSEFOTkVMPXN0YWJsZQ==,RkxVVFRFUl9HSVRfVVJMPWh0dHBzOi8vZ2l0aHViLmNvbS9mbHV0dGVyL2ZsdXR0ZXIuZ2l0,RkxVVFRFUl9GUkFNRVdPUktfUkVWSVNJT049YmQ3YTRhNmI1NQ==,RkxVVFRFUl9FTkdJTkVfUkVWSVNJT049ZGIzNzNlYjg1YQ==,RkxVVFRFUl9EQVJUX1ZFUlNJT049My4xMC43 -dFlavor= -dAndroidArchs=android-arm android-arm64 android-x64 -dMinSdkVersion=24 debug_android_application
[        ] Successfully started process 'command 'C:\flutter\bin\flutter.bat''
[ +299 ms] [ +723 ms] Artifact Instance of 'MaterialFonts' is not required, skipping update.
[   +1 ms] [   +1 ms] Artifact Instance of 'GradleWrapper' is not required, skipping update.
[        ] [        ] Artifact Instance of 'AndroidGenSnapshotArtifacts' is not required, skipping update.
[        ] [        ] Artifact Instance of 'AndroidInternalBuildArtifacts' is not required, skipping update.
[        ] [        ] Artifact Instance of 'IOSEngineArtifacts' is not required, skipping update.
[        ] [        ] Artifact Instance of 'FlutterWebSdk' is not required, skipping update.
[        ] [   +2 ms] Artifact Instance of 'LegacyCanvasKitRemover' is not required, skipping update.
[        ] [        ] Artifact Instance of 'FlutterSdk' is not required, skipping update.
[        ] [        ] Artifact Instance of 'WindowsEngineArtifacts' is not required, skipping update.
[        ] [        ] Artifact Instance of 'MacOSEngineArtifacts' is not required, skipping update.
[        ] [        ] Artifact Instance of 'LinuxEngineArtifacts' is not required, skipping update.
[        ] [        ] Artifact Instance of 'LinuxFuchsiaSDKArtifacts' is not required, skipping update.
[        ] [        ] Artifact Instance of 'MacOSFuchsiaSDKArtifacts' is not required, skipping update.
[        ] [        ] Artifact Instance of 'FlutterRunnerSDKArtifacts' is not required, skipping update.
[        ] [        ] Artifact Instance of 'FlutterRunnerDebugSymbols' is not required, skipping update.
[        ] [        ] Artifact Instance of 'IosUsbArtifacts' is not required, skipping update.
[        ] [        ] Artifact Instance of 'IosUsbArtifacts' is not required, skipping update.
[        ] [        ] Artifact Instance of 'IosUsbArtifacts' is not required, skipping update.
[        ] [        ] Artifact Instance of 'IosUsbArtifacts' is not required, skipping update.
[        ] [        ] Artifact Instance of 'IosUsbArtifacts' is not required, skipping update.
[        ] [        ] Artifact Instance of 'IosUsbArtifacts' is not required, skipping update.
[        ] [        ] Artifact Instance of 'FontSubsetArtifacts' is not required, skipping update.
[        ] [        ] Artifact Instance of 'PubDependencies' is not required, skipping update.
[        ] [  +12 ms] Artifact Instance of 'AndroidGenSnapshotArtifacts' is not required, skipping update.
[        ] [        ] Artifact Instance of 'AndroidInternalBuildArtifacts' is not required, skipping update.
[        ] [        ] Artifact Instance of 'IOSEngineArtifacts' is not required, skipping update.
[        ] [        ] Artifact Instance of 'FlutterWebSdk' is not required, skipping update.
[        ] [        ] Artifact Instance of 'FlutterEngineStamp' is not required, skipping update.
[        ] [        ] Artifact Instance of 'LegacyCanvasKitRemover' is not required, skipping update.
[        ] [   +2 ms] Artifact Instance of 'WindowsEngineArtifacts' is not required, skipping update.
[        ] [        ] Artifact Instance of 'MacOSEngineArtifacts' is not required, skipping update.
[        ] [        ] Artifact Instance of 'LinuxEngineArtifacts' is not required, skipping update.
[        ] [        ] Artifact Instance of 'LinuxFuchsiaSDKArtifacts' is not required, skipping update.
[        ] [        ] Artifact Instance of 'MacOSFuchsiaSDKArtifacts' is not required, skipping update.
[        ] [        ] Artifact Instance of 'FlutterRunnerSDKArtifacts' is not required, skipping update.
[        ] [        ] Artifact Instance of 'FlutterRunnerDebugSymbols' is not required, skipping update.
[  +94 ms] [  +80 ms] Artifact Instance of 'MaterialFonts' is not required, skipping update.
[        ] [        ] Artifact Instance of 'GradleWrapper' is not required, skipping update.
[        ] [   +3 ms] Artifact Instance of 'AndroidInternalBuildArtifacts' is not required, skipping update.
[        ] [        ] Artifact Instance of 'IOSEngineArtifacts' is not required, skipping update.
[        ] [        ] Artifact Instance of 'FlutterWebSdk' is not required, skipping update.
[        ] [        ] Artifact Instance of 'FlutterEngineStamp' is not required, skipping update.
[        ] [        ] Artifact Instance of 'LegacyCanvasKitRemover' is not required, skipping update.
[        ] [        ] Artifact Instance of 'FlutterSdk' is not required, skipping update.
[        ] [        ] Artifact Instance of 'WindowsEngineArtifacts' is not required, skipping update.
[        ] [        ] Artifact Instance of 'MacOSEngineArtifacts' is not required, skipping update.
[        ] [        ] Artifact Instance of 'LinuxEngineArtifacts' is not required, skipping update.
[        ] [        ] Artifact Instance of 'LinuxFuchsiaSDKArtifacts' is not required, skipping update.
[        ] [        ] Artifact Instance of 'MacOSFuchsiaSDKArtifacts' is not required, skipping update.
[        ] [        ] Artifact Instance of 'FlutterRunnerSDKArtifacts' is not required, skipping update.
[        ] [        ] Artifact Instance of 'FlutterRunnerDebugSymbols' is not required, skipping update.
[        ] [        ] Artifact Instance of 'IosUsbArtifacts' is not required, skipping update.
[        ] [        ] Artifact Instance of 'IosUsbArtifacts' is not required, skipping update.
[        ] [        ] Artifact Instance of 'IosUsbArtifacts' is not required, skipping update.
[        ] [        ] Artifact Instance of 'IosUsbArtifacts' is not required, skipping update.
[        ] [        ] Artifact Instance of 'IosUsbArtifacts' is not required, skipping update.
[        ] [        ] Artifact Instance of 'IosUsbArtifacts' is not required, skipping update.
[        ] [        ] Artifact Instance of 'FontSubsetArtifacts' is not required, skipping update.
[        ] [        ] Artifact Instance of 'PubDependencies' is not required, skipping update.
[        ] [  +51 ms] Initializing file store
[  +90 ms] [  +39 ms] dart_build: Starting due to {}
[        ] [   +3 ms] Skipping target: gen_localizations
[        ] [   +4 ms] gen_dart_plugin_registrant: Starting due to {InvalidatedReasonKind.inputChanged: The following inputs have updated contents: C:\Users\mubar\Desktop\Noura\nfc_wallet\.dart_tool\package_config.json}
[ +200 ms] [ +186 ms] Building native assets for android_arm, android_arm64, android_x64.
[ +108 ms] [ +106 ms] Running `C:\flutter\bin\cache\dart-sdk\bin\dart compile kernel --packages=C:\Users\mubar\Desktop\Noura\nfc_wallet\.dart_tool\package_config.json --output=C:\Users\mubar\Desktop\Noura\nfc_wallet\.dart_tool\hooks_runner\objective_c\c6f63348a16c84b8db1750305746ca4c\hook.dill --depfile=C:\Users\mubar\Desktop\Noura\nfc_wallet\.dart_tool\hooks_runner\objective_c\c6f63348a16c84b8db1750305746ca4c\hook.dill.d C:\Users\mubar\AppData\Local\Pub\Cache\hosted\pub.dev\objective_c-9.2.2\hook\build.dart`.
[        ] [  +74 ms] Found plugin shared_preferences at C:\Users\mubar\AppData\Local\Pub\Cache\hosted\pub.dev\shared_preferences-2.5.4\
[  +93 ms] [  +10 ms] Found plugin shared_preferences_windows at C:\Users\mubar\AppData\Local\Pub\Cache\hosted\pub.dev\shared_preferences_windows-2.4.1\
[        ] [   +6 ms] Found plugin path_provider_windows at C:\Users\mubar\AppData\Local\Pub\Cache\hosted\pub.dev\path_provider_windows-2.3.0\
[        ] [  +14 ms] Found plugin shared_preferences_web at C:\Users\mubar\AppData\Local\Pub\Cache\hosted\pub.dev\shared_preferences_web-2.4.3\
[        ] [   +4 ms] Found plugin shared_preferences_linux at C:\Users\mubar\AppData\Local\Pub\Cache\hosted\pub.dev\shared_preferences_linux-2.4.1\
[        ] [   +6 ms] Found plugin path_provider_linux at C:\Users\mubar\AppData\Local\Pub\Cache\hosted\pub.dev\path_provider_linux-2.2.1\
[        ] [   +4 ms] Found plugin shared_preferences_foundation at C:\Users\mubar\AppData\Local\Pub\Cache\hosted\pub.dev\shared_preferences_foundation-2.5.6\
[        ] [   +4 ms] Found plugin shared_preferences_android at C:\Users\mubar\AppData\Local\Pub\Cache\hosted\pub.dev\shared_preferences_android-2.4.18\
[        ] [  +23 ms] Found plugin path_provider at C:\Users\mubar\AppData\Local\Pub\Cache\hosted\pub.dev\path_provider-2.1.5\
[        ] [   +4 ms] Found plugin path_provider_foundation at C:\Users\mubar\AppData\Local\Pub\Cache\hosted\pub.dev\path_provider_foundation-2.6.0\
[  +93 ms] [  +21 ms] Found plugin path_provider_android at C:\Users\mubar\AppData\Local\Pub\Cache\hosted\pub.dev\path_provider_android-2.2.22\
[        ] [  +19 ms] Found plugin flutter_secure_storage at C:\Users\mubar\AppData\Local\Pub\Cache\hosted\pub.dev\flutter_secure_storage-9.2.4\
[        ] [   +5 ms] Found plugin flutter_secure_storage_windows at C:\Users\mubar\AppData\Local\Pub\Cache\hosted\pub.dev\flutter_secure_storage_windows-3.1.2\
[        ] [  +18 ms] Found plugin flutter_secure_storage_web at C:\Users\mubar\AppData\Local\Pub\Cache\hosted\pub.dev\flutter_secure_storage_web-1.2.1\
[        ] [   +6 ms] Found plugin flutter_secure_storage_macos at C:\Users\mubar\AppData\Local\Pub\Cache\hosted\pub.dev\flutter_secure_storage_macos-3.1.3\
[        ] [   +3 ms] Found plugin flutter_secure_storage_linux at C:\Users\mubar\AppData\Local\Pub\Cache\hosted\pub.dev\flutter_secure_storage_linux-1.2.3\
[ +109 ms] [  +62 ms] gen_dart_plugin_registrant: Complete
[  +94 ms] [  +86 ms] kernel_snapshot_program: Starting due to {}
[   +1 ms] [  +24 ms] C:\flutter\bin\cache\dart-sdk\bin\dartaotruntime.exe C:\flutter\bin\cache\dart-sdk\bin\snapshots\frontend_server_aot.dart.snapshot --sdk-root C:\flutter\bin\cache\artifacts\engine\common\flutter_patched_sdk/ --target=flutter --no-print-incremental-dependencies -DFLUTTER_VERSION=3.38.8 -DFLUTTER_CHANNEL=stable -DFLUTTER_GIT_URL=https://github.com/flutter/flutter.git -DFLUTTER_FRAMEWORK_REVISION=bd7a4a6b55 -DFLUTTER_ENGINE_REVISION=db373eb85a -DFLUTTER_DART_VERSION=3.10.7 -DFLUTTER_APP_FLAVOR= -Ddart.vm.profile=false -Ddart.vm.product=false --enable-asserts --track-widget-creation --no-link-platform --packages C:\Users\mubar\Desktop\Noura\nfc_wallet\.dart_tool\package_config.json --output-dill C:\Users\mubar\Desktop\Noura\nfc_wallet\.dart_tool\flutter_build\0df2e8108a767afbfbe6092868a66b54\app.dill --depfile C:\Users\mubar\Desktop\Noura\nfc_wallet\.dart_tool\flutter_build\0df2e8108a767afbfbe6092868a66b54\kernel_snapshot_program.d --incremental --initialize-from-dill C:\Users\mubar\Desktop\Noura\nfc_wallet\.dart_tool\flutter_build\0df2e8108a767afbfbe6092868a66b54\app.dill --source file:///C:/Users/mubar/Desktop/Noura/nfc_wallet/.dart_tool/flutter_build/dart_plugin_registrant.dart --source package:flutter/src/dart_plugin_registrant.dart -Dflutter.dart_plugin_registrant=file:///C:/Users/mubar/Desktop/Noura/nfc_wallet/.dart_tool/flutter_build/dart_plugin_registrant.dart --verbosity=error package:nfc_wallet/main.dart
[+8695 ms] [+8738 ms] input.json contents:
[        ]            {
[        ]              "assets": {},
[        ]              "config": {
[        ]                "build_asset_types": [
[        ]                  "code_assets/code"
[        ]                ],
[        ]                "extensions": {
[        ]                  "code_assets": {
[        ]                    "android": {
[        ]                      "target_ndk_api": 24
[        ]                    },
[        ]                    "c_compiler": {
[        ]                      "ar": "C:\\Users\\mubar\\AppData\\Local\\Android\\sdk\\ndk\\28.2.13676358\\toolchains\\llvm\\prebuilt\\windows-x86_64\\bin\\llvm-ar.exe",
[        ]                      "cc": "C:\\Users\\mubar\\AppData\\Local\\Android\\sdk\\ndk\\28.2.13676358\\toolchains\\llvm\\prebuilt\\windows-x86_64\\bin\\clang.exe",
[        ]                      "ld": "C:\\Users\\mubar\\AppData\\Local\\Android\\sdk\\ndk\\28.2.13676358\\toolchains\\llvm\\prebuilt\\windows-x86_64\\bin\\ld.lld.exe"
[        ]                    },
[        ]                    "link_mode_preference": "dynamic",
[        ]                    "target_architecture": "arm",
[        ]                    "target_os": "android"
[        ]                  }
[        ]                },
[        ]                "linking_enabled": false
[        ]              },
[        ]              "out_dir_shared": "C:\\Users\\mubar\\Desktop\\Noura\\nfc_wallet\\.dart_tool\\hooks_runner\\shared\\objective_c\\build\\",
[        ]              "out_file": "C:\\Users\\mubar\\Desktop\\Noura\\nfc_wallet\\.dart_tool\\hooks_runner\\objective_c\\c6f63348a16c84b8db1750305746ca4c\\output.json",
[        ]              "package_name": "objective_c",
[        ]              "package_root": "C:\\Users\\mubar\\AppData\\Local\\Pub\\Cache\\hosted\\pub.dev\\objective_c-9.2.2\\",
[        ]              "user_defines": {}
[        ]            }
[  +99 ms] [  +27 ms] Running `(cd C:\Users\mubar\AppData\Local\Pub\Cache\hosted\pub.dev\objective_c-9.2.2\; PATH=C:\Program Files\Android\Android Studio\jbr\bin;C:\Python314\Scripts\;C:\Python314\;C:\Program Files (x86)\Common Files\Oracle\Java\java8path;C:\Program Files (x86)\Common Files\Oracle\Java\javapath;C:\WINDOWS\system32;C:\WINDOWS;C:\WINDOWS\System32\Wbem;C:\WINDOWS\System32\WindowsPowerShell\v1.0\;C:\WINDOWS\System32\OpenSSH\;C:\Program Files\dotnet\;C:\Program Files\cursor\resources\app\bin;C:\Program Files\nodejs\;C:\ProgramData\chocolatey\bin;C:\Program Files\Git\cmd;C:\Program Files\Docker\Docker\resources\bin;C:\Users\mubar\AppData\Local\Microsoft\WindowsApps;C:\Users\mubar\AppData\Local\Programs\Microsoft VS Code\bin;C:\Users\mubar\AppData\Local\Programs\Antigravity\bin;C:\Users\mubar\AppData\Roaming\npm;C:\flutter\bin PROGRAMDATA=C:\ProgramData SYSTEMDRIVE=C: SYSTEMROOT=C:\WINDOWS TEMP=C:\Users\mubar\AppData\Local\Temp TMP=C:\Users\mubar\AppData\Local\Temp USERPROFILE=C:\Users\mubar WINDIR=C:\WINDOWS C:\flutter\bin\cache\dart-sdk\bin\dart --packages=C:\Users\mubar\Desktop\Noura\nfc_wallet\.dart_tool\package_config.json C:\Users\mubar\Desktop\Noura\nfc_wallet\.dart_tool\hooks_runner\objective_c\c6f63348a16c84b8db1750305746ca4c\hook.dill --config=C:\Users\mubar\Desktop\Noura\nfc_wallet\.dart_tool\hooks_runner\objective_c\c6f63348a16c84b8db1750305746ca4c\input.json )`.
[ +494 ms] [ +539 ms] output.json contents:
[        ]            {
[        ]              "assets_for_linking": {},
[        ]              "status": "success",
[        ]              "timestamp": "2026-01-29 20:20:29.000"
[        ]            }
[ +199 ms] [ +193 ms] Running `C:\flutter\bin\cache\dart-sdk\bin\dart compile kernel --packages=C:\Users\mubar\Desktop\Noura\nfc_wallet\.dart_tool\package_config.json --output=C:\Users\mubar\Desktop\Noura\nfc_wallet\.dart_tool\hooks_runner\objective_c\f9cc5845135b7fb57123435fcfc746ec\hook.dill --depfile=C:\Users\mubar\Desktop\Noura\nfc_wallet\.dart_tool\hooks_runner\objective_c\f9cc5845135b7fb57123435fcfc746ec\hook.dill.d C:\Users\mubar\AppData\Local\Pub\Cache\hosted\pub.dev\objective_c-9.2.2\hook\build.dart`.
[+3309 ms] [+3371 ms] input.json contents:
[        ]            {
[        ]              "assets": {},
[        ]              "config": {
[        ]                "build_asset_types": [
[   +4 ms]                  "code_assets/code"
[   +5 ms]                ],
[        ]                "extensions": {
[        ]                  "code_assets": {
[        ]                    "android": {
[        ]                      "target_ndk_api": 24
[        ]                    },
[        ]                    "c_compiler": {
[        ]                      "ar": "C:\\Users\\mubar\\AppData\\Local\\Android\\sdk\\ndk\\28.2.13676358\\toolchains\\llvm\\prebuilt\\windows-x86_64\\bin\\llvm-ar.exe",
[        ]                      "cc": "C:\\Users\\mubar\\AppData\\Local\\Android\\sdk\\ndk\\28.2.13676358\\toolchains\\llvm\\prebuilt\\windows-x86_64\\bin\\clang.exe",
[        ]                      "ld": "C:\\Users\\mubar\\AppData\\Local\\Android\\sdk\\ndk\\28.2.13676358\\toolchains\\llvm\\prebuilt\\windows-x86_64\\bin\\ld.lld.exe"
[        ]                    },
[        ]                    "link_mode_preference": "dynamic",
[        ]                    "target_architecture": "arm64",
[        ]                    "target_os": "android"
[        ]                  }
[        ]                },
[        ]                "linking_enabled": false
[        ]              },
[        ]              "out_dir_shared": "C:\\Users\\mubar\\Desktop\\Noura\\nfc_wallet\\.dart_tool\\hooks_runner\\shared\\objective_c\\build\\",
[        ]              "out_file": "C:\\Users\\mubar\\Desktop\\Noura\\nfc_wallet\\.dart_tool\\hooks_runner\\objective_c\\f9cc5845135b7fb57123435fcfc746ec\\output.json",
[        ]              "package_name": "objective_c",
[        ]              "package_root": "C:\\Users\\mubar\\AppData\\Local\\Pub\\Cache\\hosted\\pub.dev\\objective_c-9.2.2\\",
[        ]              "user_defines": {}
[        ]            }
[  +78 ms] [  +12 ms] Running `(cd C:\Users\mubar\AppData\Local\Pub\Cache\hosted\pub.dev\objective_c-9.2.2\; PATH=C:\Program Files\Android\Android Studio\jbr\bin;C:\Python314\Scripts\;C:\Python314\;C:\Program Files (x86)\Common Files\Oracle\Java\java8path;C:\Program Files (x86)\Common Files\Oracle\Java\javapath;C:\WINDOWS\system32;C:\WINDOWS;C:\WINDOWS\System32\Wbem;C:\WINDOWS\System32\WindowsPowerShell\v1.0\;C:\WINDOWS\System32\OpenSSH\;C:\Program Files\dotnet\;C:\Program Files\cursor\resources\app\bin;C:\Program Files\nodejs\;C:\ProgramData\chocolatey\bin;C:\Program Files\Git\cmd;C:\Program Files\Docker\Docker\resources\bin;C:\Users\mubar\AppData\Local\Microsoft\WindowsApps;C:\Users\mubar\AppData\Local\Programs\Microsoft VS Code\bin;C:\Users\mubar\AppData\Local\Programs\Antigravity\bin;C:\Users\mubar\AppData\Roaming\npm;C:\flutter\bin PROGRAMDATA=C:\ProgramData SYSTEMDRIVE=C: SYSTEMROOT=C:\WINDOWS TEMP=C:\Users\mubar\AppData\Local\Temp TMP=C:\Users\mubar\AppData\Local\Temp USERPROFILE=C:\Users\mubar WINDIR=C:\WINDOWS C:\flutter\bin\cache\dart-sdk\bin\dart --packages=C:\Users\mubar\Desktop\Noura\nfc_wallet\.dart_tool\package_config.json C:\Users\mubar\Desktop\Noura\nfc_wallet\.dart_tool\hooks_runner\objective_c\f9cc5845135b7fb57123435fcfc746ec\hook.dill --config=C:\Users\mubar\Desktop\Noura\nfc_wallet\.dart_tool\hooks_runner\objective_c\f9cc5845135b7fb57123435fcfc746ec\input.json )`.
[ +498 ms] [ +509 ms] output.json contents:
[        ]            {
[        ]              "assets_for_linking": {},
[        ]              "status": "success",
[        ]              "timestamp": "2026-01-29 20:20:33.000"
[        ]            }
[        ] [  +32 ms] Running `C:\flutter\bin\cache\dart-sdk\bin\dart compile kernel --packages=C:\Users\mubar\Desktop\Noura\nfc_wallet\.dart_tool\package_config.json --output=C:\Users\mubar\Desktop\Noura\nfc_wallet\.dart_tool\hooks_runner\objective_c\47c97bb5763e91c8c1b04f7e990cf125\hook.dill --depfile=C:\Users\mubar\Desktop\Noura\nfc_wallet\.dart_tool\hooks_runner\objective_c\47c97bb5763e91c8c1b04f7e990cf125\hook.dill.d C:\Users\mubar\AppData\Local\Pub\Cache\hosted\pub.dev\objective_c-9.2.2\hook\build.dart`.
flutter : [+3197 ms] 
[+3184 ms] lib/presen
tation/screens/nfc/pa
y_screen.dart:72:23: 
Error: The getter 
'wallet' isn't 
defined for the type 
'WalletLoaded'.
At line:1 char:1
+ flutter build apk 
--debug --verbose 
2>&1 | Out-File 
-FilePath build_o ...
+ ~~~~~~~~~~~~~~~~~~~
~~~~~~~~~~~~~~~~~~~~~
    + CategoryInfo   
           : NotSpe  
  cified: ([+3197    
 ms] [+31...'Wall    
etLoaded'.:Strin    
g) [], RemoteExc    
eption
    + FullyQualified 
   ErrorId : Native  
  CommandError
 
[   +1 ms] [   +5 
ms]  - 
'WalletLoaded' is 
from 'package:nfc_wal
let/presentation/bloc
/wallet/wallet_state.
dart' ('lib/presentat
ion/bloc/wallet/walle
t_state.dart').
[        ] [        
] Try correcting the 
name to the name of 
an existing getter, 
or defining a getter 
or field named 
'wallet'.
[        ] [        
]       if (walletSta
te.wallet.balance < 
amount) {
[        ] [        
]                    
   ^^^^^^
[        ] [        
] lib/presentation/sc
reens/nfc/pay_screen.
dart:94:31: Error: 
The getter 'wallet' 
isn't defined for 
the type 
'WalletLoaded'.
[        ] [        
]  - 'WalletLoaded' 
is from 'package:nfc_
wallet/presentation/b
loc/wallet/wallet_sta
te.dart' ('lib/presen
tation/bloc/wallet/wa
llet_state.dart').
[        ] [        
] Try correcting the 
name to the name of 
an existing getter, 
or defining a getter 
or field named 
'wallet'.
[        ] [        
]           userId: w
alletState.wallet.use
rId,
[        ] [        
]                    
           ^^^^^^
[        ] [        
] lib/presentation/sc
reens/nfc/pay_screen.
dart:95:33: Error: 
The getter 'wallet' 
isn't defined for 
the type 
'WalletLoaded'.
[        ] [        
]  - 'WalletLoaded' 
is from 'package:nfc_
wallet/presentation/b
loc/wallet/wallet_sta
te.dart' ('lib/presen
tation/bloc/wallet/wa
llet_state.dart').
[        ] [        
] Try correcting the 
name to the name of 
an existing getter, 
or defining a getter 
or field named 
'wallet'.
[        ] [        
]           
walletId: walletState
.wallet.id,
[        ] [        
]                    
             ^^^^^^
[        ] [        
] lib/presentation/sc
reens/nfc/pay_screen.
dart:96:43: Error: 
The getter 'wallet' 
isn't defined for 
the type 
'WalletLoaded'.
[        ] [        
]  - 'WalletLoaded' 
is from 'package:nfc_
wallet/presentation/b
loc/wallet/wallet_sta
te.dart' ('lib/presen
tation/bloc/wallet/wa
llet_state.dart').
[        ] [        
] Try correcting the 
name to the name of 
an existing getter, 
or defining a getter 
or field named 
'wallet'.
[        ] [        
]           
deviceId: 'device_${w
alletState.wallet.use
rId}',
[        ] [        
]                    
                     
  ^^^^^^
[        ] [        
] lib/presentation/sc
reens/nfc/pay_screen.
dart:208:80: Error: 
No named parameter 
with the name 
'currency'.
[        ] [        
]                    
   'Available 
Balance: ${Formatters
.formatCurrency(balan
ce, currency: 
currency)}',
[        ] [        
]                    
                     
                     
                  
^^^^^^^^
[        ] [        
] lib/core/utils/form
atters.dart:6:17: 
Context: Found this 
candidate, but the 
arguments don't 
match.
[        ] [        
]   static String for
matCurrency(double 
amount, {String 
symbol = '\$'}) {
[        ] [        
]                 
^^^^^^^^^^^^^^
[        ] [        
] lib/presentation/sc
reens/nfc/pay_screen.
dart:166:33: Error: 
The getter 'wallet' 
isn't defined for 
the type 
'WalletLoaded'.
[        ] [        
]  - 'WalletLoaded' 
is from 'package:nfc_
wallet/presentation/b
loc/wallet/wallet_sta
te.dart' ('lib/presen
tation/bloc/wallet/wa
llet_state.dart').
[        ] [        
] Try correcting the 
name to the name of 
an existing getter, 
or defining a getter 
or field named 
'wallet'.
[        ] [        
]           balance 
= walletState.wallet.
balance;
[        ] [        
]                    
             ^^^^^^
[        ] [        
] lib/presentation/sc
reens/nfc/pay_screen.
dart:167:34: Error: 
The getter 'wallet' 
isn't defined for 
the type 
'WalletLoaded'.
[        ] [        
]  - 'WalletLoaded' 
is from 'package:nfc_
wallet/presentation/b
loc/wallet/wallet_sta
te.dart' ('lib/presen
tation/bloc/wallet/wa
llet_state.dart').
[        ] [        
] Try correcting the 
name to the name of 
an existing getter, 
or defining a getter 
or field named 
'wallet'.
[        ] [        
]           currency 
= walletState.wallet.
currency;
[        ] [        
]                    
              ^^^^^^
[ +398 ms] [ +361 ms] input.json contents:
[        ]            {
[        ]              "assets": {},
[        ]              "config": {
[        ]                "build_asset_types": [
[        ]                  "code_assets/code"
[        ]                ],
[        ]                "extensions": {
[        ]                  "code_assets": {
[        ]                    "android": {
[        ]                      "target_ndk_api": 24
[        ]                    },
[        ]                    "c_compiler": {
[        ]                      "ar": "C:\\Users\\mubar\\AppData\\Local\\Android\\sdk\\ndk\\28.2.13676358\\toolchains\\llvm\\prebuilt\\windows-x86_64\\bin\\llvm-ar.exe",
[        ]                      "cc": "C:\\Users\\mubar\\AppData\\Local\\Android\\sdk\\ndk\\28.2.13676358\\toolchains\\llvm\\prebuilt\\windows-x86_64\\bin\\clang.exe",
[        ]                      "ld": "C:\\Users\\mubar\\AppData\\Local\\Android\\sdk\\ndk\\28.2.13676358\\toolchains\\llvm\\prebuilt\\windows-x86_64\\bin\\ld.lld.exe"
[        ]                    },
[        ]                    "link_mode_preference": "dynamic",
[        ]                    "target_architecture": "x64",
[        ]                    "target_os": "android"
[        ]                  }
[        ]                },
[        ]                "linking_enabled": false
[        ]              },
[        ]              "out_dir_shared": "C:\\Users\\mubar\\Desktop\\Noura\\nfc_wallet\\.dart_tool\\hooks_runner\\shared\\objective_c\\build\\",
[        ]              "out_file": "C:\\Users\\mubar\\Desktop\\Noura\\nfc_wallet\\.dart_tool\\hooks_runner\\objective_c\\47c97bb5763e91c8c1b04f7e990cf125\\output.json",
[        ]              "package_name": "objective_c",
[        ]              "package_root": "C:\\Users\\mubar\\AppData\\Local\\Pub\\Cache\\hosted\\pub.dev\\objective_c-9.2.2\\",
[        ]              "user_defines": {}
[        ]            }
[        ] [   +5 ms] Running `(cd C:\Users\mubar\AppData\Local\Pub\Cache\hosted\pub.dev\objective_c-9.2.2\; PATH=C:\Program Files\Android\Android Studio\jbr\bin;C:\Python314\Scripts\;C:\Python314\;C:\Program Files (x86)\Common Files\Oracle\Java\java8path;C:\Program Files (x86)\Common Files\Oracle\Java\javapath;C:\WINDOWS\system32;C:\WINDOWS;C:\WINDOWS\System32\Wbem;C:\WINDOWS\System32\WindowsPowerShell\v1.0\;C:\WINDOWS\System32\OpenSSH\;C:\Program Files\dotnet\;C:\Program Files\cursor\resources\app\bin;C:\Program Files\nodejs\;C:\ProgramData\chocolatey\bin;C:\Program Files\Git\cmd;C:\Program Files\Docker\Docker\resources\bin;C:\Users\mubar\AppData\Local\Microsoft\WindowsApps;C:\Users\mubar\AppData\Local\Programs\Microsoft VS Code\bin;C:\Users\mubar\AppData\Local\Programs\Antigravity\bin;C:\Users\mubar\AppData\Roaming\npm;C:\flutter\bin PROGRAMDATA=C:\ProgramData SYSTEMDRIVE=C: SYSTEMROOT=C:\WINDOWS TEMP=C:\Users\mubar\AppData\Local\Temp TMP=C:\Users\mubar\AppData\Local\Temp USERPROFILE=C:\Users\mubar WINDIR=C:\WINDOWS C:\flutter\bin\cache\dart-sdk\bin\dart --packages=C:\Users\mubar\Desktop\Noura\nfc_wallet\.dart_tool\package_config.json C:\Users\mubar\Desktop\Noura\nfc_wallet\.dart_tool\hooks_runner\objective_c\47c97bb5763e91c8c1b04f7e990cf125\hook.dill --config=C:\Users\mubar\Desktop\Noura\nfc_wallet\.dart_tool\hooks_runner\objective_c\47c97bb5763e91c8c1b04f7e990cf125\input.json )`.
[ +387 ms] [ +446 ms] output.json contents:
[   +1 ms]            {
[        ]              "assets_for_linking": {},
[        ]              "status": "success",
[        ]              "timestamp": "2026-01-29 20:20:37.000"
[        ]            }
[        ] [   +6 ms] Building native assets for android_arm, android_arm64, android_x64 done.
[        ] [  +16 ms] dart_build: Complete
[ +105 ms] [  +64 ms] install_code_assets: Starting due to {}
[        ] [  +44 ms] Writing native assets json to file:///C:/Users/mubar/Desktop/Noura/nfc_wallet/.dart_tool/flutter_build/0df2e8108a767afbfbe6092868a66b54/native_assets.json.
[  +96 ms] [  +18 ms] Writing C:\Users\mubar\Desktop\Noura\nfc_wallet\.dart_tool\flutter_build\0df2e8108a767afbfbe6092868a66b54\native_assets.json done.
[        ] [  +25 ms] install_code_assets: Complete
[+16696 ms] [+16676 ms] Persisting file store
[        ] [   +6 ms] Done persisting file store
[        ] [  +27 
ms] Target kernel_sna
pshot_program 
failed: Exception
[        ]           
 #0      
KernelSnapshot.build 
(package:flutter_tool
s/src/build_system/ta
rgets/common.dart:289
:7)
[        ]           
 <asynchronous 
suspension>
[        ]           
 #1      _BuildInstan
ce._invokeInternal (p
ackage:flutter_tools/
src/build_system/buil
d_system.dart:895:9)
[        ]           
 <asynchronous 
suspension>
[        ]           
 #2      Future.wait.
<anonymous closure> (
dart:async/future.dar
t:546:21)
[        ]           
 <asynchronous 
suspension>
[        ]           
 #3      _BuildInstan
ce.invokeTarget (pack
age:flutter_tools/src
/build_system/build_s
ystem.dart:833:32)
[        ]           
 <asynchronous 
suspension>
[        ]           
 #4      FlutterBuild
System.build (package
:flutter_tools/src/bu
ild_system/build_syst
em.dart:653:16)
[        ]           
 <asynchronous 
suspension>
[        ]           
 #5      AssembleComm
and.runCommand (packa
ge:flutter_tools/src/
commands/assemble.dar
t:361:32)
[        ]           
 <asynchronous 
suspension>
[        ]           
 #6      FlutterComma
nd.run.<anonymous 
closure> (package:flu
tter_tools/src/runner
/flutter_command.dart
:1559:27)
[        ]           
 <asynchronous 
suspension>
[   +1 ms]           
 #7      AppContext.r
un.<anonymous 
closure> (package:flu
tter_tools/src/base/c
ontext.dart:154:19)
[        ]           
 <asynchronous 
suspension>
[        ]           
 #8      CommandRunne
r.runCommand (package
:args/command_runner.
dart:212:13)
[        ]           
 <asynchronous 
suspension>
[        ]           
 #9      FlutterComma
ndRunner.runCommand.<
anonymous closure> (p
ackage:flutter_tools/
src/runner/flutter_co
mmand_runner.dart:487
:9)
[        ]           
 <asynchronous 
suspension>
[        ]           
 #10     AppContext.r
un.<anonymous 
closure> (package:flu
tter_tools/src/base/c
ontext.dart:154:19)
[        ]           
 <asynchronous 
suspension>
[        ]           
 #11     FlutterComma
ndRunner.runCommand (
package:flutter_tools
/src/runner/flutter_c
ommand_runner.dart:42
2:5)
[        ]           
 <asynchronous 
suspension>
[        ]           
 #12     
run.<anonymous 
closure>.<anonymous 
closure> (package:flu
tter_tools/runner.dar
t:104:11)
[        ]           
 <asynchronous 
suspension>
[        ]           
 #13     AppContext.r
un.<anonymous 
closure> (package:flu
tter_tools/src/base/c
ontext.dart:154:19)
[        ]           
 <asynchronous 
suspension>
[        ]           
 #14     main (packag
e:flutter_tools/execu
table.dart:103:3)
[        ]           
 <asynchronous 
suspension>
[        ] [   +8 ms] "flutter assemble" took 35,216ms.
[ +194 ms] [ +172 
ms] 
[        ]           
 #0      
throwToolExit (packag
e:flutter_tools/src/b
ase/common.dart:34:3)
[        ]           
 #1      AssembleComm
and.runCommand (packa
ge:flutter_tools/src/
commands/assemble.dar
t:379:7)
[        ]           
 <asynchronous 
suspension>
[        ] [        ] Running 1 shutdown hook
[        ] [   +1 ms] Shutdown hooks complete
[        ]           
 #2      FlutterComma
nd.run.<anonymous 
closure> (package:flu
tter_tools/src/runner
/flutter_command.dart
:1559:27)
[        ]           
 <asynchronous 
suspension>
[        ]           
 #3      AppContext.r
un.<anonymous 
closure> (package:flu
tter_tools/src/base/c
ontext.dart:154:19)
[        ]           
 <asynchronous 
suspension>
[        ]           
 #4      CommandRunne
r.runCommand (package
:args/command_runner.
dart:212:13)
[        ]           
 <asynchronous 
suspension>
[        ]           
 #5      FlutterComma
ndRunner.runCommand.<
anonymous closure> (p
ackage:flutter_tools/
src/runner/flutter_co
mmand_runner.dart:487
:9)
[        ]           
 <asynchronous 
suspension>
[        ]           
 #6      AppContext.r
un.<anonymous 
closure> (package:flu
tter_tools/src/base/c
ontext.dart:154:19)
[        ]           
 <asynchronous 
suspension>
[        ]           
 #7      FlutterComma
ndRunner.runCommand (
package:flutter_tools
/src/runner/flutter_c
ommand_runner.dart:42
2:5)
[        ]           
 <asynchronous 
suspension>
[        ]           
 #8      
run.<anonymous 
closure>.<anonymous 
closure> (package:flu
tter_tools/runner.dar
t:104:11)
[        ]           
 <asynchronous 
suspension>
[        ]           
 #9      AppContext.r
un.<anonymous 
closure> (package:flu
tter_tools/src/base/c
ontext.dart:154:19)
[        ]           
 <asynchronous 
suspension>
[        ]           
 #10     main (packag
e:flutter_tools/execu
table.dart:103:3)
[        ]           
 <asynchronous 
suspension>
[ +290 ms] [ +269 ms] exiting with code 1
[ +109 ms] > Task :app:compileFlutterBuildDebug FAILED
[ +495 ms] Build 8327f283-32ac-4859-aa7f-ac17d294848b is closed
[        ] [Incubating] Problems report is available at: file:///C:/Users/mubar/Desktop/Noura/nfc_wallet/build/reports/problems/problems-report.html
[        ] FAILURE: 
Build failed with an 
exception.
[        ] * What 
went wrong:
[        ] Execution 
failed for task ':app
:compileFlutterBuildD
ebug'.
[        ] > Process 
'command 'C:\flutter\
bin\flutter.bat'' 
finished with 
non-zero exit value 1
[        ] * Try:
[        ] > Run 
with --debug option 
to get more log 
output.
[        ] > Run 
with --scan to get 
full insights.
[        ] > Get 
more help at https://
help.gradle.org.
[        ] * 
Exception is:
[        ] org.gradle
.api.tasks.TaskExecut
ionException: 
Execution failed for 
task ':app:compileFlu
tterBuildDebug'.
[        ] 	at org.gr
adle.api.internal.tas
ks.execution.ExecuteA
ctionsTaskExecuter.la
mbda$executeIfValid$1
(ExecuteActionsTaskEx
ecuter.java:130)
[        ] 	at org.gr
adle.internal.Try$Fai
lure.ifSuccessfulOrEl
se(Try.java:293)
[        ] 	at org.gr
adle.api.internal.tas
ks.execution.ExecuteA
ctionsTaskExecuter.ex
ecuteIfValid(ExecuteA
ctionsTaskExecuter.ja
va:128)
[        ] 	at org.gr
adle.api.internal.tas
ks.execution.ExecuteA
ctionsTaskExecuter.ex
ecute(ExecuteActionsT
askExecuter.java:116)
[        ] 	at org.gr
adle.api.internal.tas
ks.execution.Problems
TaskPathTrackingTaskE
xecuter.execute(Probl
emsTaskPathTrackingTa
skExecuter.java:41)
[        ] 	at org.gr
adle.api.internal.tas
ks.execution.Finalize
PropertiesTaskExecute
r.execute(FinalizePro
pertiesTaskExecuter.j
ava:46)
[        ] 	at org.gr
adle.api.internal.tas
ks.execution.ResolveT
askExecutionModeExecu
ter.execute(ResolveTa
skExecutionModeExecut
er.java:51)
[        ] 	at org.gr
adle.api.internal.tas
ks.execution.SkipTask
WithNoActionsExecuter
.execute(SkipTaskWith
NoActionsExecuter.jav
a:57)
[        ] 	at org.gr
adle.api.internal.tas
ks.execution.SkipOnly
IfTaskExecuter.execut
e(SkipOnlyIfTaskExecu
ter.java:74)
[        ] 	at org.gr
adle.api.internal.tas
ks.execution.CatchExc
eptionTaskExecuter.ex
ecute(CatchExceptionT
askExecuter.java:36)
[        ] 	at org.gr
adle.api.internal.tas
ks.execution.EventFir
ingTaskExecuter$1.exe
cuteTask(EventFiringT
askExecuter.java:77)
[        ] 	at org.gr
adle.api.internal.tas
ks.execution.EventFir
ingTaskExecuter$1.cal
l(EventFiringTaskExec
uter.java:55)
[        ] 	at org.gr
adle.api.internal.tas
ks.execution.EventFir
ingTaskExecuter$1.cal
l(EventFiringTaskExec
uter.java:52)
[        ] 	at org.gr
adle.internal.operati
ons.DefaultBuildOpera
tionRunner$CallableBu
ildOperationWorker.ex
ecute(DefaultBuildOpe
rationRunner.java:210
)
[        ] 	at org.gr
adle.internal.operati
ons.DefaultBuildOpera
tionRunner$CallableBu
ildOperationWorker.ex
ecute(DefaultBuildOpe
rationRunner.java:205
)
[        ] 	at org.gr
adle.internal.operati
ons.DefaultBuildOpera
tionRunner$2.execute(
DefaultBuildOperation
Runner.java:67)
[        ] 	at org.gr
adle.internal.operati
ons.DefaultBuildOpera
tionRunner$2.execute(
DefaultBuildOperation
Runner.java:60)
[        ] 	at org.gr
adle.internal.operati
ons.DefaultBuildOpera
tionRunner.execute(De
faultBuildOperationRu
nner.java:167)
[   +1 ms] 	at org.gr
adle.internal.operati
ons.DefaultBuildOpera
tionRunner.execute(De
faultBuildOperationRu
nner.java:60)
[        ] 	at org.gr
adle.internal.operati
ons.DefaultBuildOpera
tionRunner.call(Defau
ltBuildOperationRunne
r.java:54)
[        ] 	at org.gr
adle.api.internal.tas
ks.execution.EventFir
ingTaskExecuter.execu
te(EventFiringTaskExe
cuter.java:52)
[        ] 	at org.gr
adle.execution.plan.L
ocalTaskNodeExecutor.
execute(LocalTaskNode
Executor.java:42)
[        ] 	at org.gr
adle.execution.taskgr
aph.DefaultTaskExecut
ionGraph$InvokeNodeEx
ecutorsAction.execute
(DefaultTaskExecution
Graph.java:331)
[        ] 	at org.gr
adle.execution.taskgr
aph.DefaultTaskExecut
ionGraph$InvokeNodeEx
ecutorsAction.execute
(DefaultTaskExecution
Graph.java:318)
[        ] 	at org.gr
adle.execution.taskgr
aph.DefaultTaskExecut
ionGraph$BuildOperati
onAwareExecutionActio
n.lambda$execute$0(De
faultTaskExecutionGra
ph.java:314)
[        ] 	at org.gr
adle.internal.operati
ons.CurrentBuildOpera
tionRef.with(CurrentB
uildOperationRef.java
:85)
[        ] 	at org.gr
adle.execution.taskgr
aph.DefaultTaskExecut
ionGraph$BuildOperati
onAwareExecutionActio
n.execute(DefaultTask
ExecutionGraph.java:3
14)
[        ] 	at org.gr
adle.execution.taskgr
aph.DefaultTaskExecut
ionGraph$BuildOperati
onAwareExecutionActio
n.execute(DefaultTask
ExecutionGraph.java:3
03)
[        ] 	at org.gr
adle.execution.plan.D
efaultPlanExecutor$Ex
ecutorWorker.execute(
DefaultPlanExecutor.j
ava:459)
[        ] 	at org.gr
adle.execution.plan.D
efaultPlanExecutor$Ex
ecutorWorker.run(Defa
ultPlanExecutor.java:
376)
[        ] 	at org.gr
adle.execution.plan.D
efaultPlanExecutor.pr
ocess(DefaultPlanExec
utor.java:111)
[        ] 	at org.gr
adle.execution.taskgr
aph.DefaultTaskExecut
ionGraph.executeWithS
ervices(DefaultTaskEx
ecutionGraph.java:138
)
[        ] 	at org.gr
adle.execution.taskgr
aph.DefaultTaskExecut
ionGraph.execute(Defa
ultTaskExecutionGraph
.java:123)
[        ] 	at org.gr
adle.execution.Select
edTaskExecutionAction
.execute(SelectedTask
ExecutionAction.java:
35)
[        ] 	at org.gr
adle.execution.DryRun
BuildExecutionAction.
execute(DryRunBuildEx
ecutionAction.java:51
)
[        ] 	at org.gr
adle.execution.BuildO
perationFiringBuildWo
rkerExecutor$ExecuteT
asks.call(BuildOperat
ionFiringBuildWorkerE
xecutor.java:54)
[        ] 	at org.gr
adle.execution.BuildO
perationFiringBuildWo
rkerExecutor$ExecuteT
asks.call(BuildOperat
ionFiringBuildWorkerE
xecutor.java:43)
[        ] 	at org.gr
adle.internal.operati
ons.DefaultBuildOpera
tionRunner$CallableBu
ildOperationWorker.ex
ecute(DefaultBuildOpe
rationRunner.java:210
)
[        ] 	at org.gr
adle.internal.operati
ons.DefaultBuildOpera
tionRunner$CallableBu
ildOperationWorker.ex
ecute(DefaultBuildOpe
rationRunner.java:205
)
[        ] 	at org.gr
adle.internal.operati
ons.DefaultBuildOpera
tionRunner$2.execute(
DefaultBuildOperation
Runner.java:67)
[        ] 	at org.gr
adle.internal.operati
ons.DefaultBuildOpera
tionRunner$2.execute(
DefaultBuildOperation
Runner.java:60)
[        ] 	at org.gr
adle.internal.operati
ons.DefaultBuildOpera
tionRunner.execute(De
faultBuildOperationRu
nner.java:167)
[        ] 	at org.gr
adle.internal.operati
ons.DefaultBuildOpera
tionRunner.execute(De
faultBuildOperationRu
nner.java:60)
[        ] 	at org.gr
adle.internal.operati
ons.DefaultBuildOpera
tionRunner.call(Defau
ltBuildOperationRunne
r.java:54)
[        ] 	at org.gr
adle.execution.BuildO
perationFiringBuildWo
rkerExecutor.execute(
BuildOperationFiringB
uildWorkerExecutor.ja
va:40)
[        ] 	at org.gr
adle.internal.build.D
efaultBuildLifecycleC
ontroller.lambda$exec
uteTasks$10(DefaultBu
ildLifecycleControlle
r.java:313)
[        ] 	at org.gr
adle.internal.model.S
tateTransitionControl
ler.doTransition(Stat
eTransitionController
.java:266)
[        ] 	at org.gr
adle.internal.model.S
tateTransitionControl
ler.lambda$tryTransit
ion$8(StateTransition
Controller.java:177)
[        ] 	at org.gr
adle.internal.work.De
faultSynchronizer.wit
hLock(DefaultSynchron
izer.java:46)
[        ] 	at org.gr
adle.internal.model.S
tateTransitionControl
ler.tryTransition(Sta
teTransitionControlle
r.java:177)
[        ] 	at org.gr
adle.internal.build.D
efaultBuildLifecycleC
ontroller.executeTask
s(DefaultBuildLifecyc
leController.java:304
)
[        ] 	at org.gr
adle.internal.build.D
efaultBuildWorkGraphC
ontroller$DefaultBuil
dWorkGraph.runWork(De
faultBuildWorkGraphCo
ntroller.java:220)
[        ] 	at org.gr
adle.internal.work.De
faultWorkerLeaseServi
ce.withLocks(DefaultW
orkerLeaseService.jav
a:263)
[        ] 	at org.gr
adle.internal.work.De
faultWorkerLeaseServi
ce.runAsWorkerThread(
DefaultWorkerLeaseSer
vice.java:127)
[        ] 	at org.gr
adle.composite.intern
al.DefaultBuildContro
ller.doRun(DefaultBui
ldController.java:181
)
[        ] 	at org.gr
adle.composite.intern
al.DefaultBuildContro
ller.access$000(Defau
ltBuildController.jav
a:50)
[        ] 	at org.gr
adle.composite.intern
al.DefaultBuildContro
ller$BuildOpRunnable.
lambda$run$0(DefaultB
uildController.java:1
98)
[        ] 	at org.gr
adle.internal.operati
ons.CurrentBuildOpera
tionRef.with(CurrentB
uildOperationRef.java
:85)
[        ] 	at org.gr
adle.composite.intern
al.DefaultBuildContro
ller$BuildOpRunnable.
run(DefaultBuildContr
oller.java:198)
[        ] 	at java.b
ase/java.util.concurr
ent.Executors$Runnabl
eAdapter.call(Unknown
 Source)
[        ] 	at java.b
ase/java.util.concurr
ent.FutureTask.run(Un
known Source)
[        ] 	at org.gr
adle.internal.concurr
ent.ExecutorPolicy$Ca
tchAndRecordFailures.
onExecute(ExecutorPol
icy.java:64)
[        ] 	at org.gr
adle.internal.concurr
ent.AbstractManagedEx
ecutor$1.run(Abstract
ManagedExecutor.java:
48)
[        ] 	at java.b
ase/java.util.concurr
ent.ThreadPoolExecuto
r.runWorker(Unknown 
Source)
[        ] 	at java.b
ase/java.util.concurr
ent.ThreadPoolExecuto
r$Worker.run(Unknown 
Source)
[        ] 	at java.b
ase/java.lang.Thread.
run(Unknown Source)
[        ] Caused 
by: org.gradle.proces
s.internal.ExecExcept
ion: Process 
'command 'C:\flutter\
bin\flutter.bat'' 
finished with 
non-zero exit value 1
[        ] 	at org.gr
adle.process.internal
.DefaultExecHandle$Ex
ecResultImpl.assertNo
rmalExitValue(Default
ExecHandle.java:442)
[        ] 	at org.gr
adle.process.internal
.DefaultExecAction.ex
ecute(DefaultExecActi
on.java:49)
[        ] 	at org.gr
adle.process.internal
.DefaultExecActionFac
tory.exec(DefaultExec
ActionFactory.java:21
6)
[        ] 	at org.gr
adle.process.internal
.DefaultExecOperation
s.exec(DefaultExecOpe
rations.java:37)
[        ] 	at com.fl
utter.gradle.tasks.Ba
seFlutterTaskHelper.b
uildBundle(BaseFlutte
rTaskHelper.kt:159)
[        ] 	at com.fl
utter.gradle.tasks.Ba
seFlutterTask.buildBu
ndle(BaseFlutterTask.
kt:143)
[        ] 	at com.fl
utter.gradle.tasks.Fl
utterTaskHelper.build
$gradle(FlutterTaskHe
lper.kt:90)
[        ] 	at com.fl
utter.gradle.tasks.Fl
utterTask.build(Flutt
erTask.kt:51)
[        ] 	at java.b
ase/jdk.internal.refl
ect.DirectMethodHandl
eAccessor.invoke(Unkn
own Source)
[        ] 	at java.b
ase/java.lang.reflect
.Method.invoke(Unknow
n Source)
[        ] 	at org.gr
adle.internal.reflect
.JavaMethod.invoke(Ja
vaMethod.java:125)
[        ] 	at org.gr
adle.api.internal.pro
ject.taskfactory.Stan
dardTaskAction.doExec
ute(StandardTaskActio
n.java:58)
[        ] 	at org.gr
adle.api.internal.pro
ject.taskfactory.Stan
dardTaskAction.execut
e(StandardTaskAction.
java:51)
[        ] 	at org.gr
adle.api.internal.pro
ject.taskfactory.Stan
dardTaskAction.execut
e(StandardTaskAction.
java:29)
[        ] 	at org.gr
adle.api.internal.tas
ks.execution.TaskExec
ution$3.run(TaskExecu
tion.java:244)
[        ] 	at org.gr
adle.internal.operati
ons.DefaultBuildOpera
tionRunner$1.execute(
DefaultBuildOperation
Runner.java:30)
[        ] 	at org.gr
adle.internal.operati
ons.DefaultBuildOpera
tionRunner$1.execute(
DefaultBuildOperation
Runner.java:27)
[        ] 	at org.gr
adle.internal.operati
ons.DefaultBuildOpera
tionRunner$2.execute(
DefaultBuildOperation
Runner.java:67)
[        ] 	at org.gr
adle.internal.operati
ons.DefaultBuildOpera
tionRunner$2.execute(
DefaultBuildOperation
Runner.java:60)
[        ] 	at org.gr
adle.internal.operati
ons.DefaultBuildOpera
tionRunner.execute(De
faultBuildOperationRu
nner.java:167)
[        ] 	at org.gr
adle.internal.operati
ons.DefaultBuildOpera
tionRunner.execute(De
faultBuildOperationRu
nner.java:60)
[        ] 	at org.gr
adle.internal.operati
ons.DefaultBuildOpera
tionRunner.run(Defaul
tBuildOperationRunner
.java:48)
[        ] 	at org.gr
adle.api.internal.tas
ks.execution.TaskExec
ution.executeAction(T
askExecution.java:229
)
[        ] 	at org.gr
adle.api.internal.tas
ks.execution.TaskExec
ution.executeActions(
TaskExecution.java:21
2)
[        ] 	at org.gr
adle.api.internal.tas
ks.execution.TaskExec
ution.executeWithPrev
iousOutputFiles(TaskE
xecution.java:195)
[        ] 	at org.gr
adle.api.internal.tas
ks.execution.TaskExec
ution.execute(TaskExe
cution.java:162)
[   +1 ms] 	at org.gr
adle.internal.executi
on.steps.ExecuteStep.
executeInternal(Execu
teStep.java:105)
[        ] 	at org.gr
adle.internal.executi
on.steps.ExecuteStep.
access$000(ExecuteSte
p.java:44)
[        ] 	at org.gr
adle.internal.executi
on.steps.ExecuteStep$
1.call(ExecuteStep.ja
va:59)
[        ] 	at org.gr
adle.internal.executi
on.steps.ExecuteStep$
1.call(ExecuteStep.ja
va:56)
[        ] 	at org.gr
adle.internal.operati
ons.DefaultBuildOpera
tionRunner$CallableBu
ildOperationWorker.ex
ecute(DefaultBuildOpe
rationRunner.java:210
)
[        ] 	at org.gr
adle.internal.operati
ons.DefaultBuildOpera
tionRunner$CallableBu
ildOperationWorker.ex
ecute(DefaultBuildOpe
rationRunner.java:205
)
[        ] 	at org.gr
adle.internal.operati
ons.DefaultBuildOpera
tionRunner$2.execute(
DefaultBuildOperation
Runner.java:67)
[        ] 	at org.gr
adle.internal.operati
ons.DefaultBuildOpera
tionRunner$2.execute(
DefaultBuildOperation
Runner.java:60)
[        ] 	at org.gr
adle.internal.operati
ons.DefaultBuildOpera
tionRunner.execute(De
faultBuildOperationRu
nner.java:167)
[        ] 	at org.gr
adle.internal.operati
ons.DefaultBuildOpera
tionRunner.execute(De
faultBuildOperationRu
nner.java:60)
[        ] 	at org.gr
adle.internal.operati
ons.DefaultBuildOpera
tionRunner.call(Defau
ltBuildOperationRunne
r.java:54)
[        ] 	at org.gr
adle.internal.executi
on.steps.ExecuteStep.
execute(ExecuteStep.j
ava:56)
[        ] 	at org.gr
adle.internal.executi
on.steps.ExecuteStep.
execute(ExecuteStep.j
ava:44)
[        ] 	at org.gr
adle.internal.executi
on.steps.CancelExecut
ionStep.execute(Cance
lExecutionStep.java:4
2)
[        ] 	at org.gr
adle.internal.executi
on.steps.TimeoutStep.
executeWithoutTimeout
(TimeoutStep.java:75)
[        ] 	at org.gr
adle.internal.executi
on.steps.TimeoutStep.
execute(TimeoutStep.j
ava:55)
[        ] 	at org.gr
adle.internal.executi
on.steps.PreCreateOut
putParentsStep.execut
e(PreCreateOutputPare
ntsStep.java:50)
[        ] 	at org.gr
adle.internal.executi
on.steps.PreCreateOut
putParentsStep.execut
e(PreCreateOutputPare
ntsStep.java:28)
[        ] 	at org.gr
adle.internal.executi
on.steps.RemovePrevio
usOutputsStep.execute
(RemovePreviousOutput
sStep.java:67)
[        ] 	at org.gr
adle.internal.executi
on.steps.RemovePrevio
usOutputsStep.execute
(RemovePreviousOutput
sStep.java:37)
[        ] 	at org.gr
adle.internal.executi
on.steps.BroadcastCha
ngingOutputsStep.exec
ute(BroadcastChanging
OutputsStep.java:61)
[        ] 	at org.gr
adle.internal.executi
on.steps.BroadcastCha
ngingOutputsStep.exec
ute(BroadcastChanging
OutputsStep.java:26)
[        ] 	at org.gr
adle.internal.executi
on.steps.CaptureOutpu
tsAfterExecutionStep.
execute(CaptureOutput
sAfterExecutionStep.j
ava:69)
[        ] 	at org.gr
adle.internal.executi
on.steps.CaptureOutpu
tsAfterExecutionStep.
execute(CaptureOutput
sAfterExecutionStep.j
ava:46)
[        ] 	at org.gr
adle.internal.executi
on.steps.ResolveInput
ChangesStep.execute(R
esolveInputChangesSte
p.java:40)
[        ] 	at org.gr
adle.internal.executi
on.steps.ResolveInput
ChangesStep.execute(R
esolveInputChangesSte
p.java:29)
[        ] 	at org.gr
adle.internal.executi
on.steps.BuildCacheSt
ep.executeWithoutCach
e(BuildCacheStep.java
:189)
[        ] 	at org.gr
adle.internal.executi
on.steps.BuildCacheSt
ep.lambda$execute$1(B
uildCacheStep.java:75
)
[        ] 	at org.gr
adle.internal.Either$
Right.fold(Either.jav
a:175)
[        ] 	at org.gr
adle.internal.executi
on.caching.CachingSta
te.fold(CachingState.
java:62)
[        ] 	at org.gr
adle.internal.executi
on.steps.BuildCacheSt
ep.execute(BuildCache
Step.java:73)
[        ] 	at org.gr
adle.internal.executi
on.steps.BuildCacheSt
ep.execute(BuildCache
Step.java:48)
[        ] 	at org.gr
adle.internal.executi
on.steps.StoreExecuti
onStateStep.execute(S
toreExecutionStateSte
p.java:46)
[        ] 	at org.gr
adle.internal.executi
on.steps.StoreExecuti
onStateStep.execute(S
toreExecutionStateSte
p.java:35)
[        ] 	at org.gr
adle.internal.executi
on.steps.SkipUpToDate
Step.executeBecause(S
kipUpToDateStep.java:
75)
[        ] 	at org.gr
adle.internal.executi
on.steps.SkipUpToDate
Step.lambda$execute$2
(SkipUpToDateStep.jav
a:53)
[        ] 	at java.b
ase/java.util.Optiona
l.orElseGet(Unknown 
Source)
[        ] 	at org.gr
adle.internal.executi
on.steps.SkipUpToDate
Step.execute(SkipUpTo
DateStep.java:53)
[        ] 	at org.gr
adle.internal.executi
on.steps.SkipUpToDate
Step.execute(SkipUpTo
DateStep.java:35)
[        ] 	at org.gr
adle.internal.executi
on.steps.legacy.MarkS
napshottingInputsFini
shedStep.execute(Mark
SnapshottingInputsFin
ishedStep.java:37)
[        ] 	at org.gr
adle.internal.executi
on.steps.legacy.MarkS
napshottingInputsFini
shedStep.execute(Mark
SnapshottingInputsFin
ishedStep.java:27)
[        ] 	at org.gr
adle.internal.executi
on.steps.ResolveIncre
mentalCachingStateSte
p.executeDelegate(Res
olveIncrementalCachin
gStateStep.java:49)
[        ] 	at org.gr
adle.internal.executi
on.steps.ResolveIncre
mentalCachingStateSte
p.executeDelegate(Res
olveIncrementalCachin
gStateStep.java:27)
[        ] 	at org.gr
adle.internal.executi
on.steps.AbstractReso
lveCachingStateStep.e
xecute(AbstractResolv
eCachingStateStep.jav
a:71)
[        ] 	at org.gr
adle.internal.executi
on.steps.AbstractReso
lveCachingStateStep.e
xecute(AbstractResolv
eCachingStateStep.jav
a:39)
[        ] 	at org.gr
adle.internal.executi
on.steps.ResolveChang
esStep.execute(Resolv
eChangesStep.java:65)
[        ] 	at org.gr
adle.internal.executi
on.steps.ResolveChang
esStep.execute(Resolv
eChangesStep.java:36)
[        ] 	at org.gr
adle.internal.executi
on.steps.ValidateStep
.execute(ValidateStep
.java:107)
[        ] 	at org.gr
adle.internal.executi
on.steps.ValidateStep
.execute(ValidateStep
.java:56)
[        ] 	at org.gr
adle.internal.executi
on.steps.AbstractCapt
ureStateBeforeExecuti
onStep.execute(Abstra
ctCaptureStateBeforeE
xecutionStep.java:64)
[        ] 	at org.gr
adle.internal.executi
on.steps.AbstractCapt
ureStateBeforeExecuti
onStep.execute(Abstra
ctCaptureStateBeforeE
xecutionStep.java:43)
[        ] 	at org.gr
adle.internal.executi
on.steps.AbstractSkip
EmptyWorkStep.execute
WithNonEmptySources(A
bstractSkipEmptyWorkS
tep.java:125)
[        ] 	at org.gr
adle.internal.executi
on.steps.AbstractSkip
EmptyWorkStep.execute
(AbstractSkipEmptyWor
kStep.java:56)
[        ] 	at org.gr
adle.internal.executi
on.steps.AbstractSkip
EmptyWorkStep.execute
(AbstractSkipEmptyWor
kStep.java:36)
[        ] 	at org.gr
adle.internal.executi
on.steps.legacy.MarkS
napshottingInputsStar
tedStep.execute(MarkS
napshottingInputsStar
tedStep.java:38)
[        ] 	at org.gr
adle.internal.executi
on.steps.LoadPrevious
ExecutionStateStep.ex
ecute(LoadPreviousExe
cutionStateStep.java:
36)
[        ] 	at org.gr
adle.internal.executi
on.steps.LoadPrevious
ExecutionStateStep.ex
ecute(LoadPreviousExe
cutionStateStep.java:
23)
[        ] 	at org.gr
adle.internal.executi
on.steps.HandleStaleO
utputsStep.execute(Ha
ndleStaleOutputsStep.
java:75)
[        ] 	at org.gr
adle.internal.executi
on.steps.HandleStaleO
utputsStep.execute(Ha
ndleStaleOutputsStep.
java:41)
[        ] 	at org.gr
adle.internal.executi
on.steps.AssignMutabl
eWorkspaceStep.lambda
$execute$0(AssignMuta
bleWorkspaceStep.java
:35)
[        ] 	at org.gr
adle.api.internal.tas
ks.execution.TaskExec
ution$4.withWorkspace
(TaskExecution.java:2
89)
[        ] 	at org.gr
adle.internal.executi
on.steps.AssignMutabl
eWorkspaceStep.execut
e(AssignMutableWorksp
aceStep.java:31)
[        ] 	at org.gr
adle.internal.executi
on.steps.AssignMutabl
eWorkspaceStep.execut
e(AssignMutableWorksp
aceStep.java:22)
[        ] 	at org.gr
adle.internal.executi
on.steps.ChoosePipeli
neStep.execute(Choose
PipelineStep.java:40)
[        ] 	at org.gr
adle.internal.executi
on.steps.ChoosePipeli
neStep.execute(Choose
PipelineStep.java:23)
[        ] 	at org.gr
adle.internal.executi
on.steps.ExecuteWorkB
uildOperationFiringSt
ep.lambda$execute$2(E
xecuteWorkBuildOperat
ionFiringStep.java:67
)
[        ] 	at java.b
ase/java.util.Optiona
l.orElseGet(Unknown 
Source)
[        ] 	at org.gr
adle.internal.executi
on.steps.ExecuteWorkB
uildOperationFiringSt
ep.execute(ExecuteWor
kBuildOperationFiring
Step.java:67)
[        ] 	at org.gr
adle.internal.executi
on.steps.ExecuteWorkB
uildOperationFiringSt
ep.execute(ExecuteWor
kBuildOperationFiring
Step.java:39)
[        ] 	at org.gr
adle.internal.executi
on.steps.IdentityCach
eStep.execute(Identit
yCacheStep.java:46)
[        ] 	at org.gr
adle.internal.executi
on.steps.IdentityCach
eStep.execute(Identit
yCacheStep.java:34)
[        ] 	at org.gr
adle.internal.executi
on.steps.IdentifyStep
.execute(IdentifyStep
.java:48)
[        ] 	at org.gr
adle.internal.executi
on.steps.IdentifyStep
.execute(IdentifyStep
.java:35)
[        ] 	at org.gr
adle.internal.executi
on.impl.DefaultExecut
ionEngine$1.execute(D
efaultExecutionEngine
.java:64)
[        ] 	at org.gr
adle.api.internal.tas
ks.execution.ExecuteA
ctionsTaskExecuter.ex
ecuteIfValid(ExecuteA
ctionsTaskExecuter.ja
va:127)
[        ] 	at org.gr
adle.api.internal.tas
ks.execution.ExecuteA
ctionsTaskExecuter.ex
ecute(ExecuteActionsT
askExecuter.java:116)
[        ] 	at org.gr
adle.api.internal.tas
ks.execution.Problems
TaskPathTrackingTaskE
xecuter.execute(Probl
emsTaskPathTrackingTa
skExecuter.java:41)
[        ] 	at org.gr
adle.api.internal.tas
ks.execution.Finalize
PropertiesTaskExecute
r.execute(FinalizePro
pertiesTaskExecuter.j
ava:46)
[        ] 	at org.gr
adle.api.internal.tas
ks.execution.ResolveT
askExecutionModeExecu
ter.execute(ResolveTa
skExecutionModeExecut
er.java:51)
[        ] 	at org.gr
adle.api.internal.tas
ks.execution.SkipTask
WithNoActionsExecuter
.execute(SkipTaskWith
NoActionsExecuter.jav
a:57)
[        ] 	at org.gr
adle.api.internal.tas
ks.execution.SkipOnly
IfTaskExecuter.execut
e(SkipOnlyIfTaskExecu
ter.java:74)
[        ] 	at org.gr
adle.api.internal.tas
ks.execution.CatchExc
eptionTaskExecuter.ex
ecute(CatchExceptionT
askExecuter.java:36)
[        ] 	at org.gr
adle.api.internal.tas
ks.execution.EventFir
ingTaskExecuter$1.exe
cuteTask(EventFiringT
askExecuter.java:77)
[        ] 	at org.gr
adle.api.internal.tas
ks.execution.EventFir
ingTaskExecuter$1.cal
l(EventFiringTaskExec
uter.java:55)
[        ] 	at org.gr
adle.api.internal.tas
ks.execution.EventFir
ingTaskExecuter$1.cal
l(EventFiringTaskExec
uter.java:52)
[        ] 	at org.gr
adle.internal.operati
ons.DefaultBuildOpera
tionRunner$CallableBu
ildOperationWorker.ex
ecute(DefaultBuildOpe
rationRunner.java:210
)
[        ] 	at org.gr
adle.internal.operati
ons.DefaultBuildOpera
tionRunner$CallableBu
ildOperationWorker.ex
ecute(DefaultBuildOpe
rationRunner.java:205
)
[        ] 	at org.gr
adle.internal.operati
ons.DefaultBuildOpera
tionRunner$2.execute(
DefaultBuildOperation
Runner.java:67)
[        ] 	at org.gr
adle.internal.operati
ons.DefaultBuildOpera
tionRunner$2.execute(
DefaultBuildOperation
Runner.java:60)
[        ] 	at org.gr
adle.internal.operati
ons.DefaultBuildOpera
tionRunner.execute(De
faultBuildOperationRu
nner.java:167)
[        ] 	at org.gr
adle.internal.operati
ons.DefaultBuildOpera
tionRunner.execute(De
faultBuildOperationRu
nner.java:60)
[        ] 	at org.gr
adle.internal.operati
ons.DefaultBuildOpera
tionRunner.call(Defau
ltBuildOperationRunne
r.java:54)
[        ] 	at org.gr
adle.api.internal.tas
ks.execution.EventFir
ingTaskExecuter.execu
te(EventFiringTaskExe
cuter.java:52)
[        ] 	at org.gr
adle.execution.plan.L
ocalTaskNodeExecutor.
execute(LocalTaskNode
Executor.java:42)
[        ] 	at org.gr
adle.execution.taskgr
aph.DefaultTaskExecut
ionGraph$InvokeNodeEx
ecutorsAction.execute
(DefaultTaskExecution
Graph.java:331)
[        ] 	at org.gr
adle.execution.taskgr
aph.DefaultTaskExecut
ionGraph$InvokeNodeEx
ecutorsAction.execute
(DefaultTaskExecution
Graph.java:318)
[        ] 	at org.gr
adle.execution.taskgr
aph.DefaultTaskExecut
ionGraph$BuildOperati
onAwareExecutionActio
n.lambda$execute$0(De
faultTaskExecutionGra
ph.java:314)
[        ] 	at org.gr
adle.internal.operati
ons.CurrentBuildOpera
tionRef.with(CurrentB
uildOperationRef.java
:85)
[        ] 	at org.gr
adle.execution.taskgr
aph.DefaultTaskExecut
ionGraph$BuildOperati
onAwareExecutionActio
n.execute(DefaultTask
ExecutionGraph.java:3
14)
[        ] 	at org.gr
adle.execution.taskgr
aph.DefaultTaskExecut
ionGraph$BuildOperati
onAwareExecutionActio
n.execute(DefaultTask
ExecutionGraph.java:3
03)
[        ] 	at org.gr
adle.execution.plan.D
efaultPlanExecutor$Ex
ecutorWorker.execute(
DefaultPlanExecutor.j
ava:459)
[        ] 	at org.gr
adle.execution.plan.D
efaultPlanExecutor$Ex
ecutorWorker.run(Defa
ultPlanExecutor.java:
376)
[        ] 	at org.gr
adle.execution.plan.D
efaultPlanExecutor.pr
ocess(DefaultPlanExec
utor.java:111)
[        ] 	at org.gr
adle.execution.taskgr
aph.DefaultTaskExecut
ionGraph.executeWithS
ervices(DefaultTaskEx
ecutionGraph.java:138
)
[        ] 	at org.gr
adle.execution.taskgr
aph.DefaultTaskExecut
ionGraph.execute(Defa
ultTaskExecutionGraph
.java:123)
[        ] 	at org.gr
adle.execution.Select
edTaskExecutionAction
.execute(SelectedTask
ExecutionAction.java:
35)
[        ] 	at org.gr
adle.execution.DryRun
BuildExecutionAction.
execute(DryRunBuildEx
ecutionAction.java:51
)
[        ] 	at org.gr
adle.execution.BuildO
perationFiringBuildWo
rkerExecutor$ExecuteT
asks.call(BuildOperat
ionFiringBuildWorkerE
xecutor.java:54)
[        ] 	at org.gr
adle.execution.BuildO
perationFiringBuildWo
rkerExecutor$ExecuteT
asks.call(BuildOperat
ionFiringBuildWorkerE
xecutor.java:43)
[        ] 	at org.gr
adle.internal.operati
ons.DefaultBuildOpera
tionRunner$CallableBu
ildOperationWorker.ex
ecute(DefaultBuildOpe
rationRunner.java:210
)
[        ] 	at org.gr
adle.internal.operati
ons.DefaultBuildOpera
tionRunner$CallableBu
ildOperationWorker.ex
ecute(DefaultBuildOpe
rationRunner.java:205
)
[        ] 	at org.gr
adle.internal.operati
ons.DefaultBuildOpera
tionRunner$2.execute(
DefaultBuildOperation
Runner.java:67)
[        ] 	at org.gr
adle.internal.operati
ons.DefaultBuildOpera
tionRunner$2.execute(
DefaultBuildOperation
Runner.java:60)
[        ] 	at org.gr
adle.internal.operati
ons.DefaultBuildOpera
tionRunner.execute(De
faultBuildOperationRu
nner.java:167)
[        ] 	at org.gr
adle.internal.operati
ons.DefaultBuildOpera
tionRunner.execute(De
faultBuildOperationRu
nner.java:60)
[        ] 	at org.gr
adle.internal.operati
ons.DefaultBuildOpera
tionRunner.call(Defau
ltBuildOperationRunne
r.java:54)
[        ] 	at org.gr
adle.execution.BuildO
perationFiringBuildWo
rkerExecutor.execute(
BuildOperationFiringB
uildWorkerExecutor.ja
va:40)
[        ] 	at org.gr
adle.internal.build.D
efaultBuildLifecycleC
ontroller.lambda$exec
uteTasks$10(DefaultBu
ildLifecycleControlle
r.java:313)
[        ] 	at org.gr
adle.internal.model.S
tateTransitionControl
ler.doTransition(Stat
eTransitionController
.java:266)
[        ] 	at org.gr
adle.internal.model.S
tateTransitionControl
ler.lambda$tryTransit
ion$8(StateTransition
Controller.java:177)
[        ] 	at org.gr
adle.internal.work.De
faultSynchronizer.wit
hLock(DefaultSynchron
izer.java:46)
[        ] 	at org.gr
adle.internal.model.S
tateTransitionControl
ler.tryTransition(Sta
teTransitionControlle
r.java:177)
[        ] 	at org.gr
adle.internal.build.D
efaultBuildLifecycleC
ontroller.executeTask
s(DefaultBuildLifecyc
leController.java:304
)
[        ] 	at org.gr
adle.internal.build.D
efaultBuildWorkGraphC
ontroller$DefaultBuil
dWorkGraph.runWork(De
faultBuildWorkGraphCo
ntroller.java:220)
[        ] 	at org.gr
adle.internal.work.De
faultWorkerLeaseServi
ce.withLocks(DefaultW
orkerLeaseService.jav
a:263)
[   +7 ms] 	at org.gr
adle.internal.work.De
faultWorkerLeaseServi
ce.runAsWorkerThread(
DefaultWorkerLeaseSer
vice.java:127)
[        ] 	at org.gr
adle.composite.intern
al.DefaultBuildContro
ller.doRun(DefaultBui
ldController.java:181
)
[        ] 	at org.gr
adle.composite.intern
al.DefaultBuildContro
ller.access$000(Defau
ltBuildController.jav
a:50)
[        ] 	at org.gr
adle.composite.intern
al.DefaultBuildContro
ller$BuildOpRunnable.
lambda$run$0(DefaultB
uildController.java:1
98)
[        ] 	at org.gr
adle.internal.operati
ons.CurrentBuildOpera
tionRef.with(CurrentB
uildOperationRef.java
:85)
[        ] 	at org.gr
adle.composite.intern
al.DefaultBuildContro
ller$BuildOpRunnable.
run(DefaultBuildContr
oller.java:198)
[        ] 	at java.b
ase/java.util.concurr
ent.Executors$Runnabl
eAdapter.call(Unknown
 Source)
[        ] 	at java.b
ase/java.util.concurr
ent.FutureTask.run(Un
known Source)
[        ] 	at org.gr
adle.internal.concurr
ent.ExecutorPolicy$Ca
tchAndRecordFailures.
onExecute(ExecutorPol
icy.java:64)
[        ] 	at org.gr
adle.internal.concurr
ent.AbstractManagedEx
ecutor$1.run(Abstract
ManagedExecutor.java:
48)
[        ] 	at java.b
ase/java.util.concurr
ent.ThreadPoolExecuto
r.runWorker(Unknown 
Source)
[        ] 	at java.b
ase/java.util.concurr
ent.ThreadPoolExecuto
r$Worker.run(Unknown 
Source)
[        ] 	at java.b
ase/java.lang.Thread.
run(Unknown Source)
[        ] BUILD 
FAILED in 44s
[        ] Deprecated Gradle features were used in this build, making it incompatible with Gradle 9.0.
[        ] You can use '--warning-mode all' to show the individual deprecation warnings and determine if they come from your own scripts or plugins.
[        ] For more on this, please refer to https://docs.gradle.org/8.14/userguide/command_line_interface.html#sec:command_line_warnings in the Gradle documentation.
[        ] 6 actionable tasks: 2 executed, 4 up-to-date
[        ] Watched directory hierarchies: [C:\flutter\packages\flutter_tools\gradle, C:\Users\mubar\Desktop\Noura\nfc_wallet\android]
[ +112 ms] Running Gradle task 'assembleDebug'... (completed in 45.1s)
[  +33 ms] "flutter apk" took 46,702ms.
[  +99 ms] Gradle 
task assembleDebug 
failed with exit 
code 1
[        ] 
           #0      
throwToolExit (packag
e:flutter_tools/src/b
ase/common.dart:34:3)
           #1      An
droidGradleBuilder.bu
ildGradleApp (package
:flutter_tools/src/an
droid/gradle.dart:592
:7)
           
<asynchronous 
suspension>
           #2      An
droidGradleBuilder.bu
ildApk (package:flutt
er_tools/src/android/
gradle.dart:234:5)
           
<asynchronous 
suspension>
           #3      Bu
ildApkCommand.runComm
and (package:flutter_
tools/src/commands/bu
ild_apk.dart:131:5)
           
<asynchronous 
suspension>
           #4      Fl
utterCommand.run.<ano
nymous closure> (pack
age:flutter_tools/src
/runner/flutter_comma
nd.dart:1559:27)
           
<asynchronous 
suspension>
           #5      Ap
pContext.run.<anonymo
us closure> (package:
flutter_tools/src/bas
e/context.dart:154:19
)
           
<asynchronous 
suspension>
           #6      Co
mmandRunner.runComman
d (package:args/comma
nd_runner.dart:212:13
)
           
<asynchronous 
suspension>
           #7      Fl
utterCommandRunner.ru
nCommand.<anonymous 
closure> (package:flu
tter_tools/src/runner
/flutter_command_runn
er.dart:487:9)
           
<asynchronous 
suspension>
           #8      Ap
pContext.run.<anonymo
us closure> (package:
flutter_tools/src/bas
e/context.dart:154:19
)
           
<asynchronous 
suspension>
           #9      Fl
utterCommandRunner.ru
nCommand (package:flu
tter_tools/src/runner
/flutter_command_runn
er.dart:422:5)
           
<asynchronous 
suspension>
           #10     
run.<anonymous 
closure>.<anonymous 
closure> (package:flu
tter_tools/runner.dar
t:104:11)
           
<asynchronous 
suspension>
           #11     Ap
pContext.run.<anonymo
us closure> (package:
flutter_tools/src/bas
e/context.dart:154:19
)
           
<asynchronous 
suspension>
           #12     
main (package:flutter
_tools/executable.dar
t:103:3)
           
<asynchronous 
suspension>


[        ] Running 1 shutdown hook
[   +5 ms] Shutdown hooks complete
[ +270 ms] exiting with code 1
